Archive member included to satisfy reference by file (symbol)

/opt/st/stm32cubeide_1.5.1/plugins/com.st.stm32cube.ide.mcu.externaltools.gnu-tools-for-stm32.7-2018-q2-update.linux64_1.5.0.202011040924/tools/bin/../lib/gcc/arm-none-eabi/7.3.1/../../../../arm-none-eabi/lib/thumb/v7e-m/fpv4-sp/hard/libc_nano.a(lib_a-errno.o)
                              Core/Src/syscalls.o (__errno)
/opt/st/stm32cubeide_1.5.1/plugins/com.st.stm32cube.ide.mcu.externaltools.gnu-tools-for-stm32.7-2018-q2-update.linux64_1.5.0.202011040924/tools/bin/../lib/gcc/arm-none-eabi/7.3.1/../../../../arm-none-eabi/lib/thumb/v7e-m/fpv4-sp/hard/libc_nano.a(lib_a-exit.o)
                              /opt/st/stm32cubeide_1.5.1/plugins/com.st.stm32cube.ide.mcu.externaltools.gnu-tools-for-stm32.7-2018-q2-update.linux64_1.5.0.202011040924/tools/bin/../lib/gcc/arm-none-eabi/7.3.1/../../../../arm-none-eabi/lib/thumb/v7e-m/fpv4-sp/hard/crt0.o (exit)
/opt/st/stm32cubeide_1.5.1/plugins/com.st.stm32cube.ide.mcu.externaltools.gnu-tools-for-stm32.7-2018-q2-update.linux64_1.5.0.202011040924/tools/bin/../lib/gcc/arm-none-eabi/7.3.1/../../../../arm-none-eabi/lib/thumb/v7e-m/fpv4-sp/hard/libc_nano.a(lib_a-impure.o)
                              /opt/st/stm32cubeide_1.5.1/plugins/com.st.stm32cube.ide.mcu.externaltools.gnu-tools-for-stm32.7-2018-q2-update.linux64_1.5.0.202011040924/tools/bin/../lib/gcc/arm-none-eabi/7.3.1/../../../../arm-none-eabi/lib/thumb/v7e-m/fpv4-sp/hard/libc_nano.a(lib_a-exit.o) (_global_impure_ptr)
/opt/st/stm32cubeide_1.5.1/plugins/com.st.stm32cube.ide.mcu.externaltools.gnu-tools-for-stm32.7-2018-q2-update.linux64_1.5.0.202011040924/tools/bin/../lib/gcc/arm-none-eabi/7.3.1/../../../../arm-none-eabi/lib/thumb/v7e-m/fpv4-sp/hard/libc_nano.a(lib_a-init.o)
                              /opt/st/stm32cubeide_1.5.1/plugins/com.st.stm32cube.ide.mcu.externaltools.gnu-tools-for-stm32.7-2018-q2-update.linux64_1.5.0.202011040924/tools/bin/../lib/gcc/arm-none-eabi/7.3.1/../../../../arm-none-eabi/lib/thumb/v7e-m/fpv4-sp/hard/crt0.o (__libc_init_array)
/opt/st/stm32cubeide_1.5.1/plugins/com.st.stm32cube.ide.mcu.externaltools.gnu-tools-for-stm32.7-2018-q2-update.linux64_1.5.0.202011040924/tools/bin/../lib/gcc/arm-none-eabi/7.3.1/../../../../arm-none-eabi/lib/thumb/v7e-m/fpv4-sp/hard/libc_nano.a(lib_a-malloc.o)
                              Middlewares/ST/STM32_USB_Host_Library/Class/CDC/Src/usbh_cdc.o (malloc)
/opt/st/stm32cubeide_1.5.1/plugins/com.st.stm32cube.ide.mcu.externaltools.gnu-tools-for-stm32.7-2018-q2-update.linux64_1.5.0.202011040924/tools/bin/../lib/gcc/arm-none-eabi/7.3.1/../../../../arm-none-eabi/lib/thumb/v7e-m/fpv4-sp/hard/libc_nano.a(lib_a-memcmp.o)
                              Core/Src/fops.o (memcmp)
/opt/st/stm32cubeide_1.5.1/plugins/com.st.stm32cube.ide.mcu.externaltools.gnu-tools-for-stm32.7-2018-q2-update.linux64_1.5.0.202011040924/tools/bin/../lib/gcc/arm-none-eabi/7.3.1/../../../../arm-none-eabi/lib/thumb/v7e-m/fpv4-sp/hard/libc_nano.a(lib_a-memset.o)
                              /opt/st/stm32cubeide_1.5.1/plugins/com.st.stm32cube.ide.mcu.externaltools.gnu-tools-for-stm32.7-2018-q2-update.linux64_1.5.0.202011040924/tools/bin/../lib/gcc/arm-none-eabi/7.3.1/../../../../arm-none-eabi/lib/thumb/v7e-m/fpv4-sp/hard/crt0.o (memset)
/opt/st/stm32cubeide_1.5.1/plugins/com.st.stm32cube.ide.mcu.externaltools.gnu-tools-for-stm32.7-2018-q2-update.linux64_1.5.0.202011040924/tools/bin/../lib/gcc/arm-none-eabi/7.3.1/../../../../arm-none-eabi/lib/thumb/v7e-m/fpv4-sp/hard/libc_nano.a(lib_a-nano-freer.o)
                              /opt/st/stm32cubeide_1.5.1/plugins/com.st.stm32cube.ide.mcu.externaltools.gnu-tools-for-stm32.7-2018-q2-update.linux64_1.5.0.202011040924/tools/bin/../lib/gcc/arm-none-eabi/7.3.1/../../../../arm-none-eabi/lib/thumb/v7e-m/fpv4-sp/hard/libc_nano.a(lib_a-malloc.o) (_free_r)
/opt/st/stm32cubeide_1.5.1/plugins/com.st.stm32cube.ide.mcu.externaltools.gnu-tools-for-stm32.7-2018-q2-update.linux64_1.5.0.202011040924/tools/bin/../lib/gcc/arm-none-eabi/7.3.1/../../../../arm-none-eabi/lib/thumb/v7e-m/fpv4-sp/hard/libc_nano.a(lib_a-nano-mallocr.o)
                              /opt/st/stm32cubeide_1.5.1/plugins/com.st.stm32cube.ide.mcu.externaltools.gnu-tools-for-stm32.7-2018-q2-update.linux64_1.5.0.202011040924/tools/bin/../lib/gcc/arm-none-eabi/7.3.1/../../../../arm-none-eabi/lib/thumb/v7e-m/fpv4-sp/hard/libc_nano.a(lib_a-malloc.o) (_malloc_r)
/opt/st/stm32cubeide_1.5.1/plugins/com.st.stm32cube.ide.mcu.externaltools.gnu-tools-for-stm32.7-2018-q2-update.linux64_1.5.0.202011040924/tools/bin/../lib/gcc/arm-none-eabi/7.3.1/../../../../arm-none-eabi/lib/thumb/v7e-m/fpv4-sp/hard/libc_nano.a(lib_a-printf.o)
                              Core/Src/fatfs.o (printf)
/opt/st/stm32cubeide_1.5.1/plugins/com.st.stm32cube.ide.mcu.externaltools.gnu-tools-for-stm32.7-2018-q2-update.linux64_1.5.0.202011040924/tools/bin/../lib/gcc/arm-none-eabi/7.3.1/../../../../arm-none-eabi/lib/thumb/v7e-m/fpv4-sp/hard/libc_nano.a(lib_a-sbrkr.o)
[...]
Memory Configuration

Name             Origin             Length             Attributes
CCMRAM           0x0000000010000000 0x0000000000010000 xrw
RAM              0x0000000020000000 0x0000000000020000 xrw
FLASH            0x0000000008000000 0x0000000000100000 xr
*default*        0x0000000000000000 0xffffffffffffffff

Linker script and memory map

LOAD /opt/st/stm32cubeide_1.5.1/plugins/com.st.stm32cube.ide.mcu.externaltools.gnu-tools-for-stm32.7-2018-q2-update.linux64_1.5.0.202011040924/tools/bin/../lib/gcc/arm-none-eabi/7.3.1/thumb/v7e-m/fpv4-sp/hard/crti.o
LOAD /opt/st/stm32cubeide_1.5.1/plugins/com.st.stm32cube.ide.mcu.externaltools.gnu-tools-for-stm32.7-2018-q2-update.linux64_1.5.0.202011040924/tools/bin/../lib/gcc/arm-none-eabi/7.3.1/thumb/v7e-m/fpv4-sp/hard/crtbegin.o
LOAD /opt/st/stm32cubeide_1.5.1/plugins/com.st.stm32cube.ide.mcu.externaltools.gnu-tools-for-stm32.7-2018-q2-update.linux64_1.5.0.202011040924/tools/bin/../lib/gcc/arm-none-eabi/7.3.1/../../../../arm-none-eabi/lib/thumb/v7e-m/fpv4-sp/hard/crt0.o
LOAD Core/Src/diskio.o
LOAD Core/Src/fatfs.o
LOAD Core/Src/ff.o
LOAD Core/Src/ff_gen_drv.o
LOAD Core/Src/fops.o
LOAD Core/Src/main.o
LOAD Core/Src/mmc_sd.o
LOAD Core/Src/spi.o
LOAD Core/Src/stm32f4xx_hal_msp.o
LOAD Core/Src/stm32f4xx_it.o
LOAD Core/Src/syscalls.o
LOAD Core/Src/sysmem.o
LOAD Core/Src/system_stm32f4xx.o
LOAD Core/Src/user_diskio.o
LOAD Core/Startup/startup_stm32f407vgtx.o
LOAD Drivers/STM32F4xx_HAL_Driver/Src/stm32f4xx_hal.o
LOAD Drivers/STM32F4xx_HAL_Driver/Src/stm32f4xx_hal_cortex.o
LOAD Drivers/STM32F4xx_HAL_Driver/Src/stm32f4xx_hal_dma.o
LOAD Drivers/STM32F4xx_HAL_Driver/Src/stm32f4xx_hal_dma_ex.o
LOAD Drivers/STM32F4xx_HAL_Driver/Src/stm32f4xx_hal_exti.o
LOAD Drivers/STM32F4xx_HAL_Driver/Src/stm32f4xx_hal_flash.o
LOAD Drivers/STM32F4xx_HAL_Driver/Src/stm32f4xx_hal_flash_ex.o
LOAD Drivers/STM32F4xx_HAL_Driver/Src/stm32f4xx_hal_flash_ramfunc.o
LOAD Drivers/STM32F4xx_HAL_Driver/Src/stm32f4xx_hal_gpio.o
LOAD Drivers/STM32F4xx_HAL_Driver/Src/stm32f4xx_hal_hcd.o
LOAD Drivers/STM32F4xx_HAL_Driver/Src/stm32f4xx_hal_i2c.o
LOAD Drivers/STM32F4xx_HAL_Driver/Src/stm32f4xx_hal_i2c_ex.o
LOAD Drivers/STM32F4xx_HAL_Driver/Src/stm32f4xx_hal_i2s.o
LOAD Drivers/STM32F4xx_HAL_Driver/Src/stm32f4xx_hal_i2s_ex.o
LOAD Drivers/STM32F4xx_HAL_Driver/Src/stm32f4xx_hal_pwr.o
LOAD Drivers/STM32F4xx_HAL_Driver/Src/stm32f4xx_hal_pwr_ex.o
LOAD Drivers/STM32F4xx_HAL_Driver/Src/stm32f4xx_hal_rcc.o
LOAD Drivers/STM32F4xx_HAL_Driver/Src/stm32f4xx_hal_rcc_ex.o
LOAD Drivers/STM32F4xx_HAL_Driver/Src/stm32f4xx_hal_spi.o
LOAD Drivers/STM32F4xx_HAL_Driver/Src/stm32f4xx_hal_tim.o
LOAD Drivers/STM32F4xx_HAL_Driver/Src/stm32f4xx_hal_tim_ex.o
LOAD Drivers/STM32F4xx_HAL_Driver/Src/stm32f4xx_hal_uart.o
LOAD Drivers/STM32F4xx_HAL_Driver/Src/stm32f4xx_ll_usb.o
LOAD Middlewares/ST/STM32_USB_Host_Library/Class/CDC/Src/usbh_cdc.o
LOAD Middlewares/ST/STM32_USB_Host_Library/Core/Src/usbh_core.o
LOAD Middlewares/ST/STM32_USB_Host_Library/Core/Src/usbh_ctlreq.o
LOAD Middlewares/ST/STM32_USB_Host_Library/Core/Src/usbh_ioreq.o
LOAD Middlewares/ST/STM32_USB_Host_Library/Core/Src/usbh_pipes.o
LOAD USB_HOST/App/usb_host.o
LOAD USB_HOST/Target/usbh_conf.o
LOAD USB_HOST/Target/usbh_platform.o
START GROUP
LOAD /opt/st/stm32cubeide_1.5.1/plugins/com.st.stm32cube.ide.mcu.externaltools.gnu-tools-for-stm32.7-2018-q2-update.linux64_1.5.0.202011040924/tools/bin/../lib/gcc/arm-none-eabi/7.3.1/../../../../arm-none-eabi/lib/thumb/v7e-m/fpv4-sp/hard/libc_nano.a
LOAD /opt/st/stm32cubeide_1.5.1/plugins/com.st.stm32cube.ide.mcu.externaltools.gnu-tools-for-stm32.7-2018-q2-update.linux64_1.5.0.202011040924/tools/bin/../lib/gcc/arm-none-eabi/7.3.1/../../../../arm-none-eabi/lib/thumb/v7e-m/fpv4-sp/hard/libm.a
END GROUP
START GROUP
LOAD /opt/st/stm32cubeide_1.5.1/plugins/com.st.stm32cube.ide.mcu.externaltools.gnu-tools-for-stm32.7-2018-q2-update.linux64_1.5.0.202011040924/tools/bin/../lib/gcc/arm-none-eabi/7.3.1/thumb/v7e-m/fpv4-sp/hard/libgcc.a
LOAD /opt/st/stm32cubeide_1.5.1/plugins/com.st.stm32cube.ide.mcu.externaltools.gnu-tools-for-stm32.7-2018-q2-update.linux64_1.5.0.202011040924/tools/bin/../lib/gcc/arm-none-eabi/7.3.1/../../../../arm-none-eabi/lib/thumb/v7e-m/fpv4-sp/hard/libc_nano.a
END GROUP
START GROUP
LOAD /opt/st/stm32cubeide_1.5.1/plugins/com.st.stm32cube.ide.mcu.externaltools.gnu-tools-for-stm32.7-2018-q2-update.linux64_1.5.0.202011040924/tools/bin/../lib/gcc/arm-none-eabi/7.3.1/thumb/v7e-m/fpv4-sp/hard/libgcc.a
LOAD /opt/st/stm32cubeide_1.5.1/plugins/com.st.stm32cube.ide.mcu.externaltools.gnu-tools-for-stm32.7-2018-q2-update.linux64_1.5.0.202011040924/tools/bin/../lib/gcc/arm-none-eabi/7.3.1/../../../../arm-none-eabi/lib/thumb/v7e-m/fpv4-sp/hard/libc_nano.a
LOAD /opt/st/stm32cubeide_1.5.1/plugins/com.st.stm32cube.ide.mcu.externaltools.gnu-tools-for-stm32.7-2018-q2-update.linux64_1.5.0.202011040924/tools/bin/../lib/gcc/arm-none-eabi/7.3.1/../../../../arm-none-eabi/lib/thumb/v7e-m/fpv4-sp/hard/libnosys.a
END GROUP
START GROUP
LOAD /opt/st/stm32cubeide_1.5.1/plugins/com.st.stm32cube.ide.mcu.externaltools.gnu-tools-for-stm32.7-2018-q2-update.linux64_1.5.0.202011040924/tools/bin/../lib/gcc/arm-none-eabi/7.3.1/thumb/v7e-m/fpv4-sp/hard/libgcc.a
LOAD /opt/st/stm32cubeide_1.5.1/plugins/com.st.stm32cube.ide.mcu.externaltools.gnu-tools-for-stm32.7-2018-q2-update.linux64_1.5.0.202011040924/tools/bin/../lib/gcc/arm-none-eabi/7.3.1/../../../../arm-none-eabi/lib/thumb/v7e-m/fpv4-sp/hard/libc_nano.a
LOAD /opt/st/stm32cubeide_1.5.1/plugins/com.st.stm32cube.ide.mcu.externaltools.gnu-tools-for-stm32.7-2018-q2-update.linux64_1.5.0.202011040924/tools/bin/../lib/gcc/arm-none-eabi/7.3.1/../../../../arm-none-eabi/lib/thumb/v7e-m/fpv4-sp/hard/libnosys.a
END GROUP
LOAD /opt/st/stm32cubeide_1.5.1/plugins/com.st.stm32cube.ide.mcu.externaltools.gnu-tools-for-stm32.7-2018-q2-update.linux64_1.5.0.202011040924/tools/bin/../lib/gcc/arm-none-eabi/7.3.1/thumb/v7e-m/fpv4-sp/hard/crtend.o
LOAD /opt/st/stm32cubeide_1.5.1/plugins/com.st.stm32cube.ide.mcu.externaltools.gnu-tools-for-stm32.7-2018-q2-update.linux64_1.5.0.202011040924/tools/bin/../lib/gcc/arm-none-eabi/7.3.1/thumb/v7e-m/fpv4-sp/hard/crtn.o
                0x0000000020020000                _estack = (ORIGIN (RAM) + LENGTH (RAM))
                0x0000000000000200                _Min_Heap_Size = 0x200
                0x0000000000000400                _Min_Stack_Size = 0x400

.isr_vector     0x0000000008000000      0x188
                0x0000000008000000                . = ALIGN (0x4)
 *(.isr_vector)
 .isr_vector    0x0000000008000000      0x188 Core/Startup/startup_stm32f407vgtx.o
                0x0000000008000000                g_pfnVectors
                0x0000000008000188                . = ALIGN (0x4)

.text           0x0000000008000190     0xc6ec
                0x0000000008000190                . = ALIGN (0x4)
 *(.text)
 .text          0x0000000008000190       0x40 /opt/st/stm32cubeide_1.5.1/plugins/com.st.stm32cube.ide.mcu.externaltools.gnu-tools-for-stm32.7-2018-q2-update.linux64_1.5.0.202011040924/tools/bin/../lib/gcc/arm-none-eabi/7.3.1/thumb/v7e-m/fpv4-sp/hard/crtbegin.o
 .text          0x00000000080001d0       0xa0 /opt/st/stm32cubeide_1.5.1/plugins/com.st.stm32cube.ide.mcu.externaltools.gnu-tools-for-stm32.7-2018-q2-update.linux64_1.5.0.202011040924/tools/bin/../lib/gcc/arm-none-eabi/7.3.1/../../../../arm-none-eabi/lib/thumb/v7e-m/fpv4-sp/hard/libc_nano.a(lib_a-memchr.o)
                0x00000000080001d0                memchr
 .text          0x0000000008000270       0x30 /opt/st/stm32cubeide_1.5.1/plugins/com.st.stm32cube.ide.mcu.externaltools.gnu-tools-for-stm32.7-2018-q2-update.linux64_1.5.0.202011040924/tools/bin/../lib/gcc/arm-none-eabi/7.3.1/thumb/v7e-m/fpv4-sp/hard/libgcc.a(_aeabi_uldivmod.o)
                0x0000000008000270                __aeabi_uldivmod
 .text          0x00000000080002a0      0x2cc /opt/st/stm32cubeide_1.5.1/plugins/com.st.stm32cube.ide.mcu.externaltools.gnu-tools-for-stm32.7-2018-q2-update.linux64_1.5.0.202011040924/tools/bin/../lib/gcc/arm-none-eabi/7.3.1/thumb/v7e-m/fpv4-sp/hard/libgcc.a(_udivmoddi4.o)
                0x00000000080002a0                __udivmoddi4
 .text          0x000000000800056c        0x4 /opt/st/stm32cubeide_1.5.1/plugins/com.st.stm32cube.ide.mcu.externaltools.gnu-tools-for-stm32.7-2018-q2-update.linux64_1.5.0.202011040924/tools/bin/../lib/gcc/arm-none-eabi/7.3.1/thumb/v7e-m/fpv4-sp/hard/libgcc.a(_dvmd_tls.o)
                0x000000000800056c                __aeabi_ldiv0
                0x000000000800056c                __aeabi_idiv0
 *(.text*)
 .text.disk_status
                0x0000000008000570       0x34 Core/Src/diskio.o
                0x0000000008000570                disk_status
 .text.disk_initialize
                0x00000000080005a4       0x4c Core/Src/diskio.o
                0x00000000080005a4                disk_initialize
 .text.disk_read
                0x00000000080005f0       0x40 Core/Src/diskio.o
                0x00000000080005f0                disk_read
 .text.disk_write
                0x0000000008000630       0x40 Core/Src/diskio.o
                0x0000000008000630                disk_write
 .text.disk_ioctl
                0x0000000008000670       0x3c Core/Src/diskio.o
                0x0000000008000670                disk_ioctl
 .text.MX_FATFS_Init
                0x00000000080006ac       0x48 Core/Src/fatfs.o
                0x00000000080006ac                MX_FATFS_Init
 .text.mem_cpy  0x00000000080006f4       0x3c Core/Src/ff.o
 .text.mem_set  0x0000000008000730       0x34 Core/Src/ff.o
 .text.mem_cmp  0x0000000008000764       0x4e Core/Src/ff.o
 .text.chk_chr  0x00000000080007b2       0x36 Core/Src/ff.o
 .text.chk_lock
                0x00000000080007e8       0xdc Core/Src/ff.o
 .text.enq_lock
                0x00000000080008c4       0x48 Core/Src/ff.o
 .text.inc_lock
                0x000000000800090c      0x170 Core/Src/ff.o
 .text.dec_lock
                0x0000000008000a7c       0x88 Core/Src/ff.o
 .text.clear_lock
                0x0000000008000b04       0x54 Core/Src/ff.o
 .text.sync_window
                0x0000000008000b58       0x92 Core/Src/ff.o
 .text.move_window
                0x0000000008000bea       0x5c Core/Src/ff.o
 .text.sync_fs  0x0000000008000c46      0x15a Core/Src/ff.o
 .text.clust2sect
                0x0000000008000da0       0x44 Core/Src/ff.o
                0x0000000008000da0                clust2sect
 .text.get_fat  0x0000000008000de4      0x16e Core/Src/ff.o
                0x0000000008000de4                get_fat
 .text.put_fat  0x0000000008000f52      0x216 Core/Src/ff.o
                0x0000000008000f52                put_fat
 .text.remove_chain
                0x0000000008001168       0xb4 Core/Src/ff.o
 .text.create_chain
                0x000000000800121c      0x13a Core/Src/ff.o
 .text.clmt_clust
                0x0000000008001356       0x6a Core/Src/ff.o
 .text.dir_sdi  0x00000000080013c0      0x128 Core/Src/ff.o
 .text.dir_next
                0x00000000080014e8      0x1ee Core/Src/ff.o
 .text.dir_alloc
                0x00000000080016d6       0x94 Core/Src/ff.o
 .text.ld_clust
                0x000000000800176a       0x5c Core/Src/ff.o
 .text.st_clust
                0x00000000080017c6       0x4e Core/Src/ff.o
 .text.dir_find
                0x0000000008001814       0x9e Core/Src/ff.o
 .text.dir_register
                0x00000000080018b2       0x72 Core/Src/ff.o
 .text.create_name
                0x0000000008001924      0x180 Core/Src/ff.o
 .text.follow_path
                0x0000000008001aa4       0xdc Core/Src/ff.o
 .text.get_ldnumber
                0x0000000008001b80       0x88 Core/Src/ff.o
 .text.check_fs
                0x0000000008001c08       0xd4 Core/Src/ff.o
 .text.find_volume
                0x0000000008001cdc      0x594 Core/Src/ff.o
 .text.validate
                0x0000000008002270       0x66 Core/Src/ff.o
 *fill*         0x00000000080022d6        0x2 
 .text.f_mount  0x00000000080022d8       0x90 Core/Src/ff.o
                0x00000000080022d8                f_mount
 .text.f_open   0x0000000008002368      0x418 Core/Src/ff.o
                0x0000000008002368                f_open
 .text.f_read   0x0000000008002780      0x2d6 Core/Src/ff.o
                0x0000000008002780                f_read
 .text.f_write  0x0000000008002a56      0x35a Core/Src/ff.o
                0x0000000008002a56                f_write
 .text.f_sync   0x0000000008002db0      0x178 Core/Src/ff.o
                0x0000000008002db0                f_sync
 .text.f_close  0x0000000008002f28       0x50 Core/Src/ff.o
                0x0000000008002f28                f_close
 .text.f_lseek  0x0000000008002f78      0x4bc Core/Src/ff.o
                0x0000000008002f78                f_lseek
 .text.f_getfree
                0x0000000008003434      0x19a Core/Src/ff.o
                0x0000000008003434                f_getfree
 *fill*         0x00000000080035ce        0x2 
 .text.f_mkdir  0x00000000080035d0      0x31c Core/Src/ff.o
                0x00000000080035d0                f_mkdir
 .text.FATFS_LinkDriverEx
                0x00000000080038ec       0x98 Core/Src/ff_gen_drv.o
                0x00000000080038ec                FATFS_LinkDriverEx
 .text.FATFS_LinkDriver
                0x0000000008003984       0x1e Core/Src/ff_gen_drv.o
                0x0000000008003984                FATFS_LinkDriver
 *fill*         0x00000000080039a2        0x2 
 .text.exf_getfree
                0x00000000080039a4       0x6c Core/Src/fops.o
                0x00000000080039a4                exf_getfree
 .text.exf_mount
                0x0000000008003a10       0x3c Core/Src/fops.o
                0x0000000008003a10                exf_mount
 .text.exf_open
                0x0000000008003a4c       0x30 Core/Src/fops.o
                0x0000000008003a4c                exf_open
 .text.exf_write
                0x0000000008003a7c       0x38 Core/Src/fops.o
                0x0000000008003a7c                exf_write
 .text.exf_read
                0x0000000008003ab4       0x38 Core/Src/fops.o
                0x0000000008003ab4                exf_read
 .text.exf_lseek
                0x0000000008003aec       0x28 Core/Src/fops.o
                0x0000000008003aec                exf_lseek
 .text.exf_close
                0x0000000008003b14       0x14 Core/Src/fops.o
                0x0000000008003b14                exf_close
 .text.FATFS_RdWrTest
                0x0000000008003b28       0xc0 Core/Src/fops.o
                0x0000000008003b28                FATFS_RdWrTest
 .text.__io_putchar
                0x0000000008003be8       0x24 Core/Src/main.o
                0x0000000008003be8                __io_putchar
 .text.main     0x0000000008003c0c       0x78 Core/Src/main.o
                0x0000000008003c0c                main
 .text.SystemClock_Config
                0x0000000008003c84      0x104 Core/Src/main.o
                0x0000000008003c84                SystemClock_Config
 .text.MX_I2C1_Init
                0x0000000008003d88       0x5c Core/Src/main.o
 .text.MX_I2S3_Init
                0x0000000008003de4       0x60 Core/Src/main.o
 .text.MX_SPI1_Init
                0x0000000008003e44       0x6c Core/Src/main.o
                0x0000000008003e44                MX_SPI1_Init
 .text.MX_USART2_UART_Init
                0x0000000008003eb0       0x54 Core/Src/main.o
 .text.MX_GPIO_Init
                0x0000000008003f04      0x1fc Core/Src/main.o
 .text.Error_Handler
                0x0000000008004100        0x8 Core/Src/main.o
                0x0000000008004100                Error_Handler
 .text.SD_SPI_ReadWriteByte
                0x0000000008004108       0x1c Core/Src/mmc_sd.o
                0x0000000008004108                SD_SPI_ReadWriteByte
 .text.SD_SPI_Init
                0x0000000008004124       0x20 Core/Src/mmc_sd.o
                0x0000000008004124                SD_SPI_Init
 .text.SD_DisSelect
                0x0000000008004144       0x1c Core/Src/mmc_sd.o
                0x0000000008004144                SD_DisSelect
 .text.SD_Select
                0x0000000008004160       0x2c Core/Src/mmc_sd.o
                0x0000000008004160                SD_Select
 .text.SD_WaitReady
                0x000000000800418c       0x38 Core/Src/mmc_sd.o
                0x000000000800418c                SD_WaitReady
 .text.SD_GetResponse
                0x00000000080041c4       0x42 Core/Src/mmc_sd.o
                0x00000000080041c4                SD_GetResponse
 .text.SD_RecvData
                0x0000000008004206       0x50 Core/Src/mmc_sd.o
                0x0000000008004206                SD_RecvData
 .text.SD_SendBlock
                0x0000000008004256       0x78 Core/Src/mmc_sd.o
                0x0000000008004256                SD_SendBlock
 .text.SD_SendCmd
                0x00000000080042ce       0xa0 Core/Src/mmc_sd.o
                0x00000000080042ce                SD_SendCmd
 *fill*         0x000000000800436e        0x2 
 .text.SD_Initialize
                0x0000000008004370      0x1e8 Core/Src/mmc_sd.o
                0x0000000008004370                SD_Initialize
 .text.SD_ReadDisk
                0x0000000008004558       0x98 Core/Src/mmc_sd.o
                0x0000000008004558                SD_ReadDisk
 .text.SD_WriteDisk
                0x00000000080045f0       0xbc Core/Src/mmc_sd.o
                0x00000000080045f0                SD_WriteDisk
 .text.SPI1_Error
                0x00000000080046ac       0x18 Core/Src/spi.o
                0x00000000080046ac                SPI1_Error
 .text.SPI1_ReadWriteByte
                0x00000000080046c4       0x3c Core/Src/spi.o
                0x00000000080046c4                SPI1_ReadWriteByte
 .text.HAL_MspInit
                0x0000000008004700       0x50 Core/Src/stm32f4xx_hal_msp.o
                0x0000000008004700                HAL_MspInit
 .text.HAL_I2C_MspInit
                0x0000000008004750       0x90 Core/Src/stm32f4xx_hal_msp.o
                0x0000000008004750                HAL_I2C_MspInit
 .text.HAL_I2S_MspInit
                0x00000000080047e0       0xd0 Core/Src/stm32f4xx_hal_msp.o
                0x00000000080047e0                HAL_I2S_MspInit
 .text.HAL_SPI_MspInit
                0x00000000080048b0       0x90 Core/Src/stm32f4xx_hal_msp.o
                0x00000000080048b0                HAL_SPI_MspInit
 .text.HAL_SPI_MspDeInit
                0x0000000008004940       0x3c Core/Src/stm32f4xx_hal_msp.o
                0x0000000008004940                HAL_SPI_MspDeInit
 .text.HAL_UART_MspInit
                0x000000000800497c       0x90 Core/Src/stm32f4xx_hal_msp.o
                0x000000000800497c                HAL_UART_MspInit
 .text.NMI_Handler
                0x0000000008004a0c        0x6 Core/Src/stm32f4xx_it.o
                0x0000000008004a0c                NMI_Handler
 .text.HardFault_Handler
                0x0000000008004a12        0x6 Core/Src/stm32f4xx_it.o
                0x0000000008004a12                HardFault_Handler
 .text.MemManage_Handler
                0x0000000008004a18        0x6 Core/Src/stm32f4xx_it.o
                0x0000000008004a18                MemManage_Handler
 .text.BusFault_Handler
                0x0000000008004a1e        0x6 Core/Src/stm32f4xx_it.o
                0x0000000008004a1e                BusFault_Handler
 .text.UsageFault_Handler
                0x0000000008004a24        0x6 Core/Src/stm32f4xx_it.o
                0x0000000008004a24                UsageFault_Handler
 .text.SVC_Handler
                0x0000000008004a2a        0xe Core/Src/stm32f4xx_it.o
                0x0000000008004a2a                SVC_Handler
 .text.DebugMon_Handler
                0x0000000008004a38        0xe Core/Src/stm32f4xx_it.o
                0x0000000008004a38                DebugMon_Handler
 .text.PendSV_Handler
                0x0000000008004a46        0xe Core/Src/stm32f4xx_it.o
                0x0000000008004a46                PendSV_Handler
 .text.SysTick_Handler
                0x0000000008004a54        0xc Core/Src/stm32f4xx_it.o
                0x0000000008004a54                SysTick_Handler
 .text.OTG_FS_IRQHandler
                0x0000000008004a60       0x14 Core/Src/stm32f4xx_it.o
                0x0000000008004a60                OTG_FS_IRQHandler
 .text._read    0x0000000008004a74       0x3a Core/Src/syscalls.o
                0x0000000008004a74                _read
 .text._write   0x0000000008004aae       0x38 Core/Src/syscalls.o
                0x0000000008004aae                _write
 .text._close   0x0000000008004ae6       0x18 Core/Src/syscalls.o
                0x0000000008004ae6                _close
 .text._fstat   0x0000000008004afe       0x20 Core/Src/syscalls.o
                0x0000000008004afe                _fstat
 .text._isatty  0x0000000008004b1e       0x16 Core/Src/syscalls.o
                0x0000000008004b1e                _isatty
 .text._lseek   0x0000000008004b34       0x1a Core/Src/syscalls.o
                0x0000000008004b34                _lseek
 *fill*         0x0000000008004b4e        0x2 
 .text._sbrk    0x0000000008004b50       0x6c Core/Src/sysmem.o
                0x0000000008004b50                _sbrk
 .text.SystemInit
                0x0000000008004bbc       0x2c Core/Src/system_stm32f4xx.o
                0x0000000008004bbc                SystemInit
 .text.USER_initialize
                0x0000000008004be8       0x60 Core/Src/user_diskio.o
                0x0000000008004be8                USER_initialize
 .text.USER_status
                0x0000000008004c48       0x18 Core/Src/user_diskio.o
                0x0000000008004c48                USER_status
 .text.USER_read
                0x0000000008004c60       0x2e Core/Src/user_diskio.o
                0x0000000008004c60                USER_read
 .text.USER_write
                0x0000000008004c8e       0x2e Core/Src/user_diskio.o
                0x0000000008004c8e                USER_write
 .text.USER_ioctl
                0x0000000008004cbc       0x1e Core/Src/user_diskio.o
                0x0000000008004cbc                USER_ioctl
 *fill*         0x0000000008004cda        0x2 
 .text.Reset_Handler
                0x0000000008004cdc       0x50 Core/Startup/startup_stm32f407vgtx.o
                0x0000000008004cdc                Reset_Handler
 .text.Default_Handler
                0x0000000008004d2c        0x2 Core/Startup/startup_stm32f407vgtx.o
                0x0000000008004d2c                RTC_Alarm_IRQHandler
                0x0000000008004d2c                HASH_RNG_IRQHandler
                0x0000000008004d2c                EXTI2_IRQHandler
                0x0000000008004d2c                TIM8_CC_IRQHandler
                0x0000000008004d2c                TIM1_CC_IRQHandler
                0x0000000008004d2c                DMA2_Stream5_IRQHandler
                0x0000000008004d2c                DMA1_Stream5_IRQHandler
                0x0000000008004d2c                PVD_IRQHandler
                0x0000000008004d2c                SDIO_IRQHandler
                0x0000000008004d2c                TAMP_STAMP_IRQHandler
                0x0000000008004d2c                CAN2_RX1_IRQHandler
                0x0000000008004d2c                EXTI3_IRQHandler
                0x0000000008004d2c                TIM8_TRG_COM_TIM14_IRQHandler
                0x0000000008004d2c                TIM1_UP_TIM10_IRQHandler
                0x0000000008004d2c                TIM8_UP_TIM13_IRQHandler
                0x0000000008004d2c                I2C3_ER_IRQHandler
                0x0000000008004d2c                EXTI0_IRQHandler
                0x0000000008004d2c                I2C2_EV_IRQHandler
                0x0000000008004d2c                DMA1_Stream2_IRQHandler
                0x0000000008004d2c                CAN1_RX0_IRQHandler
                0x0000000008004d2c                FPU_IRQHandler
                0x0000000008004d2c                OTG_HS_WKUP_IRQHandler
                0x0000000008004d2c                CAN2_SCE_IRQHandler
                0x0000000008004d2c                DMA2_Stream2_IRQHandler
                0x0000000008004d2c                SPI1_IRQHandler
                0x0000000008004d2c                TIM6_DAC_IRQHandler
                0x0000000008004d2c                TIM1_BRK_TIM9_IRQHandler
                0x0000000008004d2c                DCMI_IRQHandler
                0x0000000008004d2c                CAN2_RX0_IRQHandler
                0x0000000008004d2c                DMA2_Stream3_IRQHandler
                0x0000000008004d2c                USART6_IRQHandler
                0x0000000008004d2c                USART3_IRQHandler
                0x0000000008004d2c                CAN1_RX1_IRQHandler
                0x0000000008004d2c                UART5_IRQHandler
                0x0000000008004d2c                DMA2_Stream0_IRQHandler
                0x0000000008004d2c                TIM4_IRQHandler
                0x0000000008004d2c                I2C1_EV_IRQHandler
                0x0000000008004d2c                DMA1_Stream6_IRQHandler
                0x0000000008004d2c                DMA1_Stream1_IRQHandler
                0x0000000008004d2c                UART4_IRQHandler
                0x0000000008004d2c                TIM3_IRQHandler
                0x0000000008004d2c                RCC_IRQHandler
                0x0000000008004d2c                TIM8_BRK_TIM12_IRQHandler
                0x0000000008004d2c                Default_Handler
                0x0000000008004d2c                EXTI15_10_IRQHandler
                0x0000000008004d2c                ADC_IRQHandler
                0x0000000008004d2c                DMA1_Stream7_IRQHandler
                0x0000000008004d2c                TIM7_IRQHandler
                0x0000000008004d2c                CAN2_TX_IRQHandler
                0x0000000008004d2c                TIM5_IRQHandler
                0x0000000008004d2c                DMA2_Stream7_IRQHandler
                0x0000000008004d2c                I2C3_EV_IRQHandler
                0x0000000008004d2c                EXTI9_5_IRQHandler
                0x0000000008004d2c                RTC_WKUP_IRQHandler
                0x0000000008004d2c                ETH_WKUP_IRQHandler
                0x0000000008004d2c                SPI2_IRQHandler
                0x0000000008004d2c                OTG_HS_EP1_IN_IRQHandler
                0x0000000008004d2c                DMA1_Stream0_IRQHandler
                0x0000000008004d2c                CAN1_TX_IRQHandler
                0x0000000008004d2c                EXTI4_IRQHandler
                0x0000000008004d2c                FSMC_IRQHandler
                0x0000000008004d2c                ETH_IRQHandler
                0x0000000008004d2c                OTG_HS_EP1_OUT_IRQHandler
                0x0000000008004d2c                WWDG_IRQHandler
                0x0000000008004d2c                TIM2_IRQHandler
                0x0000000008004d2c                OTG_FS_WKUP_IRQHandler
                0x0000000008004d2c                TIM1_TRG_COM_TIM11_IRQHandler
                0x0000000008004d2c                OTG_HS_IRQHandler
                0x0000000008004d2c                EXTI1_IRQHandler
                0x0000000008004d2c                USART2_IRQHandler
                0x0000000008004d2c                I2C2_ER_IRQHandler
                0x0000000008004d2c                DMA2_Stream1_IRQHandler
                0x0000000008004d2c                CAN1_SCE_IRQHandler
                0x0000000008004d2c                FLASH_IRQHandler
                0x0000000008004d2c                DMA2_Stream4_IRQHandler
                0x0000000008004d2c                USART1_IRQHandler
                0x0000000008004d2c                SPI3_IRQHandler
                0x0000000008004d2c                DMA1_Stream4_IRQHandler
                0x0000000008004d2c                I2C1_ER_IRQHandler
                0x0000000008004d2c                DMA2_Stream6_IRQHandler
                0x0000000008004d2c                DMA1_Stream3_IRQHandler
 *fill*         0x0000000008004d2e        0x2 
 .text.HAL_Init
                0x0000000008004d30       0x44 Drivers/STM32F4xx_HAL_Driver/Src/stm32f4xx_hal.o
                0x0000000008004d30                HAL_Init
 .text.HAL_InitTick
                0x0000000008004d74       0x60 Drivers/STM32F4xx_HAL_Driver/Src/stm32f4xx_hal.o
                0x0000000008004d74                HAL_InitTick
 .text.HAL_IncTick
                0x0000000008004dd4       0x28 Drivers/STM32F4xx_HAL_Driver/Src/stm32f4xx_hal.o
                0x0000000008004dd4                HAL_IncTick
 .text.HAL_GetTick
                0x0000000008004dfc       0x18 Drivers/STM32F4xx_HAL_Driver/Src/stm32f4xx_hal.o
                0x0000000008004dfc                HAL_GetTick
 .text.HAL_Delay
                0x0000000008004e14       0x44 Drivers/STM32F4xx_HAL_Driver/Src/stm32f4xx_hal.o
                0x0000000008004e14                HAL_Delay
 .text.__NVIC_SetPriorityGrouping
                0x0000000008004e58       0x48 Drivers/STM32F4xx_HAL_Driver/Src/stm32f4xx_hal_cortex.o
 .text.__NVIC_GetPriorityGrouping
                0x0000000008004ea0       0x1c Drivers/STM32F4xx_HAL_Driver/Src/stm32f4xx_hal_cortex.o
 .text.__NVIC_EnableIRQ
                0x0000000008004ebc       0x3c Drivers/STM32F4xx_HAL_Driver/Src/stm32f4xx_hal_cortex.o
 .text.__NVIC_SetPriority
                0x0000000008004ef8       0x54 Drivers/STM32F4xx_HAL_Driver/Src/stm32f4xx_hal_cortex.o
 .text.NVIC_EncodePriority
                0x0000000008004f4c       0x66 Drivers/STM32F4xx_HAL_Driver/Src/stm32f4xx_hal_cortex.o
 *fill*         0x0000000008004fb2        0x2 
 .text.SysTick_Config
                0x0000000008004fb4       0x44 Drivers/STM32F4xx_HAL_Driver/Src/stm32f4xx_hal_cortex.o
 .text.HAL_NVIC_SetPriorityGrouping
                0x0000000008004ff8       0x16 Drivers/STM32F4xx_HAL_Driver/Src/stm32f4xx_hal_cortex.o
                0x0000000008004ff8                HAL_NVIC_SetPriorityGrouping
 .text.HAL_NVIC_SetPriority
                0x000000000800500e       0x38 Drivers/STM32F4xx_HAL_Driver/Src/stm32f4xx_hal_cortex.o
                0x000000000800500e                HAL_NVIC_SetPriority
 .text.HAL_NVIC_EnableIRQ
                0x0000000008005046       0x1c Drivers/STM32F4xx_HAL_Driver/Src/stm32f4xx_hal_cortex.o
                0x0000000008005046                HAL_NVIC_EnableIRQ
 .text.HAL_SYSTICK_Config
                0x0000000008005062       0x18 Drivers/STM32F4xx_HAL_Driver/Src/stm32f4xx_hal_cortex.o
                0x0000000008005062                HAL_SYSTICK_Config
 *fill*         0x000000000800507a        0x2 
 .text.HAL_GPIO_Init
                0x000000000800507c      0x334 Drivers/STM32F4xx_HAL_Driver/Src/stm32f4xx_hal_gpio.o
                0x000000000800507c                HAL_GPIO_Init
 .text.HAL_GPIO_DeInit
                0x00000000080053b0      0x1f4 Drivers/STM32F4xx_HAL_Driver/Src/stm32f4xx_hal_gpio.o
                0x00000000080053b0                HAL_GPIO_DeInit
 .text.HAL_GPIO_WritePin
                0x00000000080055a4       0x32 Drivers/STM32F4xx_HAL_Driver/Src/stm32f4xx_hal_gpio.o
                0x00000000080055a4                HAL_GPIO_WritePin
 .text.HAL_GPIO_TogglePin
                0x00000000080055d6       0x36 Drivers/STM32F4xx_HAL_Driver/Src/stm32f4xx_hal_gpio.o
                0x00000000080055d6                HAL_GPIO_TogglePin
 .text.HAL_HCD_Init
                0x000000000800560c       0xc4 Drivers/STM32F4xx_HAL_Driver/Src/stm32f4xx_hal_hcd.o
                0x000000000800560c                HAL_HCD_Init
 .text.HAL_HCD_HC_Init
                0x00000000080056d0      0x130 Drivers/STM32F4xx_HAL_Driver/Src/stm32f4xx_hal_hcd.o
                0x00000000080056d0                HAL_HCD_HC_Init
 .text.HAL_HCD_HC_Halt
                0x0000000008005800       0x46 Drivers/STM32F4xx_HAL_Driver/Src/stm32f4xx_hal_hcd.o
                0x0000000008005800                HAL_HCD_HC_Halt
 *fill*         0x0000000008005846        0x2 
 .text.HAL_HCD_HC_SubmitRequest
                0x0000000008005848      0x2e4 Drivers/STM32F4xx_HAL_Driver/Src/stm32f4xx_hal_hcd.o
                0x0000000008005848                HAL_HCD_HC_SubmitRequest
 .text.HAL_HCD_IRQHandler
                0x0000000008005b2c      0x208 Drivers/STM32F4xx_HAL_Driver/Src/stm32f4xx_hal_hcd.o
                0x0000000008005b2c                HAL_HCD_IRQHandler
 .text.HAL_HCD_Start
                0x0000000008005d34       0x46 Drivers/STM32F4xx_HAL_Driver/Src/stm32f4xx_hal_hcd.o
                0x0000000008005d34                HAL_HCD_Start
 .text.HAL_HCD_Stop
                0x0000000008005d7a       0x3a Drivers/STM32F4xx_HAL_Driver/Src/stm32f4xx_hal_hcd.o
                0x0000000008005d7a                HAL_HCD_Stop
 .text.HAL_HCD_HC_GetURBState
                0x0000000008005db4       0x2a Drivers/STM32F4xx_HAL_Driver/Src/stm32f4xx_hal_hcd.o
                0x0000000008005db4                HAL_HCD_HC_GetURBState
 .text.HAL_HCD_HC_GetXferCount
                0x0000000008005dde       0x2a Drivers/STM32F4xx_HAL_Driver/Src/stm32f4xx_hal_hcd.o
                0x0000000008005dde                HAL_HCD_HC_GetXferCount
 .text.HAL_HCD_GetCurrentFrame
                0x0000000008005e08       0x1c Drivers/STM32F4xx_HAL_Driver/Src/stm32f4xx_hal_hcd.o
                0x0000000008005e08                HAL_HCD_GetCurrentFrame
 .text.HCD_HC_IN_IRQHandler
                0x0000000008005e24      0x86a Drivers/STM32F4xx_HAL_Driver/Src/stm32f4xx_hal_hcd.o
 .text.HCD_HC_OUT_IRQHandler
                0x000000000800668e      0x6ea Drivers/STM32F4xx_HAL_Driver/Src/stm32f4xx_hal_hcd.o
 .text.HCD_RXQLVL_IRQHandler
                0x0000000008006d78      0x158 Drivers/STM32F4xx_HAL_Driver/Src/stm32f4xx_hal_hcd.o
 .text.HCD_Port_IRQHandler
                0x0000000008006ed0       0xe6 Drivers/STM32F4xx_HAL_Driver/Src/stm32f4xx_hal_hcd.o
 *fill*         0x0000000008006fb6        0x2 
 .text.HAL_I2C_Init
                0x0000000008006fb8      0x270 Drivers/STM32F4xx_HAL_Driver/Src/stm32f4xx_hal_i2c.o
                0x0000000008006fb8                HAL_I2C_Init
 .text.HAL_I2S_Init
                0x0000000008007228      0x280 Drivers/STM32F4xx_HAL_Driver/Src/stm32f4xx_hal_i2s.o
                0x0000000008007228                HAL_I2S_Init
 .text.HAL_I2S_TxCpltCallback
                0x00000000080074a8       0x14 Drivers/STM32F4xx_HAL_Driver/Src/stm32f4xx_hal_i2s.o
                0x00000000080074a8                HAL_I2S_TxCpltCallback
 .text.HAL_I2S_RxCpltCallback
                0x00000000080074bc       0x14 Drivers/STM32F4xx_HAL_Driver/Src/stm32f4xx_hal_i2s.o
                0x00000000080074bc                HAL_I2S_RxCpltCallback
 .text.HAL_I2S_ErrorCallback
                0x00000000080074d0       0x14 Drivers/STM32F4xx_HAL_Driver/Src/stm32f4xx_hal_i2s.o
                0x00000000080074d0                HAL_I2S_ErrorCallback
 .text.I2S_Transmit_IT
                0x00000000080074e4       0x5c Drivers/STM32F4xx_HAL_Driver/Src/stm32f4xx_hal_i2s.o
 .text.I2S_Receive_IT
                0x0000000008007540       0x5e Drivers/STM32F4xx_HAL_Driver/Src/stm32f4xx_hal_i2s.o
 .text.I2S_IRQHandler
                0x000000000800759e      0x114 Drivers/STM32F4xx_HAL_Driver/Src/stm32f4xx_hal_i2s.o
 *fill*         0x00000000080076b2        0x2 
 .text.HAL_I2SEx_FullDuplex_IRQHandler
                0x00000000080076b4      0x2a8 Drivers/STM32F4xx_HAL_Driver/Src/stm32f4xx_hal_i2s_ex.o
                0x00000000080076b4                HAL_I2SEx_FullDuplex_IRQHandler
 .text.HAL_I2SEx_TxRxCpltCallback
                0x000000000800795c       0x14 Drivers/STM32F4xx_HAL_Driver/Src/stm32f4xx_hal_i2s_ex.o
                0x000000000800795c                HAL_I2SEx_TxRxCpltCallback
 .text.I2SEx_TxISR_I2S
                0x0000000008007970       0x62 Drivers/STM32F4xx_HAL_Driver/Src/stm32f4xx_hal_i2s_ex.o
 *fill*         0x00000000080079d2        0x2 
 .text.I2SEx_TxISR_I2SExt
                0x00000000080079d4       0x98 Drivers/STM32F4xx_HAL_Driver/Src/stm32f4xx_hal_i2s_ex.o
 .text.I2SEx_RxISR_I2S
                0x0000000008007a6c       0x64 Drivers/STM32F4xx_HAL_Driver/Src/stm32f4xx_hal_i2s_ex.o
 .text.I2SEx_RxISR_I2SExt
                0x0000000008007ad0       0x98 Drivers/STM32F4xx_HAL_Driver/Src/stm32f4xx_hal_i2s_ex.o
 .text.HAL_RCC_OscConfig
                0x0000000008007b68      0x4e0 Drivers/STM32F4xx_HAL_Driver/Src/stm32f4xx_hal_rcc.o
                0x0000000008007b68                HAL_RCC_OscConfig
 .text.HAL_RCC_ClockConfig
                0x0000000008008048      0x1cc Drivers/STM32F4xx_HAL_Driver/Src/stm32f4xx_hal_rcc.o
                0x0000000008008048                HAL_RCC_ClockConfig
 .text.HAL_RCC_GetSysClockFreq
                0x0000000008008214      0x1b0 Drivers/STM32F4xx_HAL_Driver/Src/stm32f4xx_hal_rcc.o
                0x0000000008008214                HAL_RCC_GetSysClockFreq
 .text.HAL_RCC_GetHCLKFreq
                0x00000000080083c4       0x18 Drivers/STM32F4xx_HAL_Driver/Src/stm32f4xx_hal_rcc.o
                0x00000000080083c4                HAL_RCC_GetHCLKFreq
 .text.HAL_RCC_GetPCLK1Freq
                0x00000000080083dc       0x28 Drivers/STM32F4xx_HAL_Driver/Src/stm32f4xx_hal_rcc.o
                0x00000000080083dc                HAL_RCC_GetPCLK1Freq
 .text.HAL_RCC_GetPCLK2Freq
                0x0000000008008404       0x28 Drivers/STM32F4xx_HAL_Driver/Src/stm32f4xx_hal_rcc.o
                0x0000000008008404                HAL_RCC_GetPCLK2Freq
 .text.HAL_RCCEx_PeriphCLKConfig
                0x000000000800842c      0x1c4 Drivers/STM32F4xx_HAL_Driver/Src/stm32f4xx_hal_rcc_ex.o
                0x000000000800842c                HAL_RCCEx_PeriphCLKConfig
 .text.HAL_RCCEx_GetPeriphCLKFreq
                0x00000000080085f0       0xb8 Drivers/STM32F4xx_HAL_Driver/Src/stm32f4xx_hal_rcc_ex.o
                0x00000000080085f0                HAL_RCCEx_GetPeriphCLKFreq
 .text.HAL_SPI_Init
                0x00000000080086a8       0xc8 Drivers/STM32F4xx_HAL_Driver/Src/stm32f4xx_hal_spi.o
                0x00000000080086a8                HAL_SPI_Init
 .text.HAL_SPI_DeInit
                0x0000000008008770       0x50 Drivers/STM32F4xx_HAL_Driver/Src/stm32f4xx_hal_spi.o
                0x0000000008008770                HAL_SPI_DeInit
 .text.HAL_SPI_TransmitReceive
                0x00000000080087c0      0x344 Drivers/STM32F4xx_HAL_Driver/Src/stm32f4xx_hal_spi.o
                0x00000000080087c0                HAL_SPI_TransmitReceive
 .text.SPI_WaitFlagStateUntilTimeout
                0x0000000008008b04       0xd4 Drivers/STM32F4xx_HAL_Driver/Src/stm32f4xx_hal_spi.o
 .text.SPI_EndRxTxTransaction
                0x0000000008008bd8       0x84 Drivers/STM32F4xx_HAL_Driver/Src/stm32f4xx_hal_spi.o
 .text.HAL_UART_Init
                0x0000000008008c5c       0x9a Drivers/STM32F4xx_HAL_Driver/Src/stm32f4xx_hal_uart.o
                0x0000000008008c5c                HAL_UART_Init
 .text.HAL_UART_Transmit
                0x0000000008008cf6      0x132 Drivers/STM32F4xx_HAL_Driver/Src/stm32f4xx_hal_uart.o
                0x0000000008008cf6                HAL_UART_Transmit
 .text.UART_WaitOnFlagUntilTimeout
                0x0000000008008e28       0x94 Drivers/STM32F4xx_HAL_Driver/Src/stm32f4xx_hal_uart.o
 .text.UART_SetConfig
                0x0000000008008ebc      0x6f8 Drivers/STM32F4xx_HAL_Driver/Src/stm32f4xx_hal_uart.o
 .text.USB_CoreInit
                0x00000000080095b4       0xc2 Drivers/STM32F4xx_HAL_Driver/Src/stm32f4xx_ll_usb.o
                0x00000000080095b4                USB_CoreInit
 .text.USB_EnableGlobalInt
                0x0000000008009676       0x22 Drivers/STM32F4xx_HAL_Driver/Src/stm32f4xx_ll_usb.o
                0x0000000008009676                USB_EnableGlobalInt
 .text.USB_DisableGlobalInt
                0x0000000008009698       0x22 Drivers/STM32F4xx_HAL_Driver/Src/stm32f4xx_ll_usb.o
                0x0000000008009698                USB_DisableGlobalInt
 .text.USB_SetCurrentMode
                0x00000000080096ba       0x54 Drivers/STM32F4xx_HAL_Driver/Src/stm32f4xx_ll_usb.o
                0x00000000080096ba                USB_SetCurrentMode
 *fill*         0x000000000800970e        0x2 
 .text.USB_FlushTxFifo
                0x0000000008009710       0x4c Drivers/STM32F4xx_HAL_Driver/Src/stm32f4xx_ll_usb.o
                0x0000000008009710                USB_FlushTxFifo
 .text.USB_FlushRxFifo
                0x000000000800975c       0x44 Drivers/STM32F4xx_HAL_Driver/Src/stm32f4xx_ll_usb.o
                0x000000000800975c                USB_FlushRxFifo
 .text.USB_WritePacket
                0x00000000080097a0       0x6a Drivers/STM32F4xx_HAL_Driver/Src/stm32f4xx_ll_usb.o
                0x00000000080097a0                USB_WritePacket
 .text.USB_ReadPacket
                0x000000000800980a       0x52 Drivers/STM32F4xx_HAL_Driver/Src/stm32f4xx_ll_usb.o
                0x000000000800980a                USB_ReadPacket
 .text.USB_ReadInterrupts
                0x000000000800985c       0x26 Drivers/STM32F4xx_HAL_Driver/Src/stm32f4xx_ll_usb.o
                0x000000000800985c                USB_ReadInterrupts
 .text.USB_GetMode
                0x0000000008009882       0x1c Drivers/STM32F4xx_HAL_Driver/Src/stm32f4xx_ll_usb.o
                0x0000000008009882                USB_GetMode
 *fill*         0x000000000800989e        0x2 
 .text.USB_CoreReset
                0x00000000080098a0       0x68 Drivers/STM32F4xx_HAL_Driver/Src/stm32f4xx_ll_usb.o
 .text.USB_HostInit
                0x0000000008009908      0x178 Drivers/STM32F4xx_HAL_Driver/Src/stm32f4xx_ll_usb.o
                0x0000000008009908                USB_HostInit
 .text.USB_InitFSLSPClkSel
                0x0000000008009a80       0x74 Drivers/STM32F4xx_HAL_Driver/Src/stm32f4xx_ll_usb.o
                0x0000000008009a80                USB_InitFSLSPClkSel
 .text.USB_DriveVbus
                0x0000000008009af4       0x72 Drivers/STM32F4xx_HAL_Driver/Src/stm32f4xx_ll_usb.o
                0x0000000008009af4                USB_DriveVbus
 .text.USB_GetCurrentFrame
                0x0000000008009b66       0x22 Drivers/STM32F4xx_HAL_Driver/Src/stm32f4xx_ll_usb.o
                0x0000000008009b66                USB_GetCurrentFrame
 .text.USB_HC_Init
                0x0000000008009b88      0x214 Drivers/STM32F4xx_HAL_Driver/Src/stm32f4xx_ll_usb.o
                0x0000000008009b88                USB_HC_Init
 .text.USB_HC_StartXfer
                0x0000000008009d9c      0x28c Drivers/STM32F4xx_HAL_Driver/Src/stm32f4xx_ll_usb.o
                0x0000000008009d9c                USB_HC_StartXfer
 .text.USB_HC_ReadInterrupt
                0x000000000800a028       0x22 Drivers/STM32F4xx_HAL_Driver/Src/stm32f4xx_ll_usb.o
                0x000000000800a028                USB_HC_ReadInterrupt
 .text.USB_HC_Halt
                0x000000000800a04a      0x1fe Drivers/STM32F4xx_HAL_Driver/Src/stm32f4xx_ll_usb.o
                0x000000000800a04a                USB_HC_Halt
 .text.USB_DoPing
                0x000000000800a248       0x78 Drivers/STM32F4xx_HAL_Driver/Src/stm32f4xx_ll_usb.o
                0x000000000800a248                USB_DoPing
 .text.USB_StopHost
                0x000000000800a2c0      0x10c Drivers/STM32F4xx_HAL_Driver/Src/stm32f4xx_ll_usb.o
                0x000000000800a2c0                USB_StopHost
 .text.USBH_CDC_InterfaceInit
                0x000000000800a3cc      0x2ac Middlewares/ST/STM32_USB_Host_Library/Class/CDC/Src/usbh_cdc.o
 .text.USBH_CDC_InterfaceDeInit
                0x000000000800a678       0xb2 Middlewares/ST/STM32_USB_Host_Library/Class/CDC/Src/usbh_cdc.o
 .text.USBH_CDC_ClassRequest
                0x000000000800a72a       0x3e Middlewares/ST/STM32_USB_Host_Library/Class/CDC/Src/usbh_cdc.o
 .text.USBH_CDC_Process
                0x000000000800a768      0x12c Middlewares/ST/STM32_USB_Host_Library/Class/CDC/Src/usbh_cdc.o
 .text.USBH_CDC_SOFProcess
                0x000000000800a894       0x16 Middlewares/ST/STM32_USB_Host_Library/Class/CDC/Src/usbh_cdc.o
 .text.GetLineCoding
                0x000000000800a8aa       0x3e Middlewares/ST/STM32_USB_Host_Library/Class/CDC/Src/usbh_cdc.o
 .text.SetLineCoding
                0x000000000800a8e8       0x3e Middlewares/ST/STM32_USB_Host_Library/Class/CDC/Src/usbh_cdc.o
 .text.CDC_ProcessTransmission
                0x000000000800a926       0xf0 Middlewares/ST/STM32_USB_Host_Library/Class/CDC/Src/usbh_cdc.o
 .text.CDC_ProcessReception
                0x000000000800aa16       0xb6 Middlewares/ST/STM32_USB_Host_Library/Class/CDC/Src/usbh_cdc.o
 .text.USBH_CDC_TransmitCallback
                0x000000000800aacc       0x14 Middlewares/ST/STM32_USB_Host_Library/Class/CDC/Src/usbh_cdc.o
                0x000000000800aacc                USBH_CDC_TransmitCallback
 .text.USBH_CDC_ReceiveCallback
                0x000000000800aae0       0x14 Middlewares/ST/STM32_USB_Host_Library/Class/CDC/Src/usbh_cdc.o
                0x000000000800aae0                USBH_CDC_ReceiveCallback
 .text.USBH_CDC_LineCodingChanged
                0x000000000800aaf4       0x14 Middlewares/ST/STM32_USB_Host_Library/Class/CDC/Src/usbh_cdc.o
                0x000000000800aaf4                USBH_CDC_LineCodingChanged
 .text.USBH_Init
                0x000000000800ab08       0x74 Middlewares/ST/STM32_USB_Host_Library/Core/Src/usbh_core.o
                0x000000000800ab08                USBH_Init
 .text.DeInitStateMachine
                0x000000000800ab7c       0xa8 Middlewares/ST/STM32_USB_Host_Library/Core/Src/usbh_core.o
 .text.USBH_RegisterClass
                0x000000000800ac24       0x54 Middlewares/ST/STM32_USB_Host_Library/Core/Src/usbh_core.o
                0x000000000800ac24                USBH_RegisterClass
 .text.USBH_SelectInterface
                0x000000000800ac78       0x38 Middlewares/ST/STM32_USB_Host_Library/Core/Src/usbh_core.o
                0x000000000800ac78                USBH_SelectInterface
 .text.USBH_FindInterface
                0x000000000800acb0       0x8c Middlewares/ST/STM32_USB_Host_Library/Core/Src/usbh_core.o
                0x000000000800acb0                USBH_FindInterface
 .text.USBH_Start
                0x000000000800ad3c       0x20 Middlewares/ST/STM32_USB_Host_Library/Core/Src/usbh_core.o
                0x000000000800ad3c                USBH_Start
 .text.USBH_LL_SetTimer
                0x000000000800ad5c       0x1e Middlewares/ST/STM32_USB_Host_Library/Core/Src/usbh_core.o
                0x000000000800ad5c                USBH_LL_SetTimer
 .text.USBH_LL_IncTimer
                0x000000000800ad7a       0x24 Middlewares/ST/STM32_USB_Host_Library/Core/Src/usbh_core.o
                0x000000000800ad7a                USBH_LL_IncTimer
 .text.USBH_HandleSof
                0x000000000800ad9e       0x30 Middlewares/ST/STM32_USB_Host_Library/Core/Src/usbh_core.o
 .text.USBH_LL_PortEnabled
                0x000000000800adce       0x1c Middlewares/ST/STM32_USB_Host_Library/Core/Src/usbh_core.o
                0x000000000800adce                USBH_LL_PortEnabled
 .text.USBH_LL_PortDisabled
                0x000000000800adea       0x1c Middlewares/ST/STM32_USB_Host_Library/Core/Src/usbh_core.o
                0x000000000800adea                USBH_LL_PortDisabled
 .text.USBH_LL_Connect
                0x000000000800ae06       0x2e Middlewares/ST/STM32_USB_Host_Library/Core/Src/usbh_core.o
                0x000000000800ae06                USBH_LL_Connect
 .text.USBH_LL_Disconnect
                0x000000000800ae34       0x48 Middlewares/ST/STM32_USB_Host_Library/Core/Src/usbh_core.o
                0x000000000800ae34                USBH_LL_Disconnect
 .text.USBH_ClrFeature
                0x000000000800ae7c       0x48 Middlewares/ST/STM32_USB_Host_Library/Core/Src/usbh_ctlreq.o
                0x000000000800ae7c                USBH_ClrFeature
 .text.USBH_CtlReq
                0x000000000800aec4       0x7a Middlewares/ST/STM32_USB_Host_Library/Core/Src/usbh_ctlreq.o
                0x000000000800aec4                USBH_CtlReq
 *fill*         0x000000000800af3e        0x2 
 .text.USBH_HandleControl
                0x000000000800af40      0x2ec Middlewares/ST/STM32_USB_Host_Library/Core/Src/usbh_ctlreq.o
 .text.USBH_CtlSendSetup
                0x000000000800b22c       0x34 Middlewares/ST/STM32_USB_Host_Library/Core/Src/usbh_ioreq.o
                0x000000000800b22c                USBH_CtlSendSetup
 .text.USBH_CtlSendData
                0x000000000800b260       0x4a Middlewares/ST/STM32_USB_Host_Library/Core/Src/usbh_ioreq.o
                0x000000000800b260                USBH_CtlSendData
 .text.USBH_CtlReceiveData
                0x000000000800b2aa       0x3c Middlewares/ST/STM32_USB_Host_Library/Core/Src/usbh_ioreq.o
                0x000000000800b2aa                USBH_CtlReceiveData
 .text.USBH_BulkSendData
                0x000000000800b2e6       0x4a Middlewares/ST/STM32_USB_Host_Library/Core/Src/usbh_ioreq.o
                0x000000000800b2e6                USBH_BulkSendData
 .text.USBH_BulkReceiveData
                0x000000000800b330       0x3c Middlewares/ST/STM32_USB_Host_Library/Core/Src/usbh_ioreq.o
                0x000000000800b330                USBH_BulkReceiveData
 .text.USBH_OpenPipe
                0x000000000800b36c       0x3e Middlewares/ST/STM32_USB_Host_Library/Core/Src/usbh_pipes.o
                0x000000000800b36c                USBH_OpenPipe
 .text.USBH_ClosePipe
                0x000000000800b3aa       0x20 Middlewares/ST/STM32_USB_Host_Library/Core/Src/usbh_pipes.o
                0x000000000800b3aa                USBH_ClosePipe
 .text.USBH_AllocPipe
                0x000000000800b3ca       0x42 Middlewares/ST/STM32_USB_Host_Library/Core/Src/usbh_pipes.o
                0x000000000800b3ca                USBH_AllocPipe
 .text.USBH_FreePipe
                0x000000000800b40c       0x3c Middlewares/ST/STM32_USB_Host_Library/Core/Src/usbh_pipes.o
                0x000000000800b40c                USBH_FreePipe
 .text.USBH_GetFreePipe
                0x000000000800b448       0x48 Middlewares/ST/STM32_USB_Host_Library/Core/Src/usbh_pipes.o
 .text.MX_USB_HOST_Init
                0x000000000800b490       0x4c USB_HOST/App/usb_host.o
                0x000000000800b490                MX_USB_HOST_Init
 .text.USBH_UserProcess
                0x000000000800b4dc       0x5c USB_HOST/App/usb_host.o
 .text.HAL_HCD_MspInit
                0x000000000800b538       0xc4 USB_HOST/Target/usbh_conf.o
                0x000000000800b538                HAL_HCD_MspInit
 .text.HAL_HCD_SOF_Callback
                0x000000000800b5fc       0x1c USB_HOST/Target/usbh_conf.o
                0x000000000800b5fc                HAL_HCD_SOF_Callback
 .text.HAL_HCD_Connect_Callback
                0x000000000800b618       0x1c USB_HOST/Target/usbh_conf.o
                0x000000000800b618                HAL_HCD_Connect_Callback
 .text.HAL_HCD_Disconnect_Callback
                0x000000000800b634       0x1c USB_HOST/Target/usbh_conf.o
                0x000000000800b634                HAL_HCD_Disconnect_Callback
 .text.HAL_HCD_HC_NotifyURBChange_Callback
                0x000000000800b650       0x1c USB_HOST/Target/usbh_conf.o
                0x000000000800b650                HAL_HCD_HC_NotifyURBChange_Callback
 .text.HAL_HCD_PortEnabled_Callback
                0x000000000800b66c       0x1c USB_HOST/Target/usbh_conf.o
                0x000000000800b66c                HAL_HCD_PortEnabled_Callback
 .text.HAL_HCD_PortDisabled_Callback
                0x000000000800b688       0x1c USB_HOST/Target/usbh_conf.o
                0x000000000800b688                HAL_HCD_PortDisabled_Callback
 .text.USBH_LL_Init
                0x000000000800b6a4       0x78 USB_HOST/Target/usbh_conf.o
                0x000000000800b6a4                USBH_LL_Init
 .text.USBH_LL_Start
                0x000000000800b71c       0x36 USB_HOST/Target/usbh_conf.o
                0x000000000800b71c                USBH_LL_Start
 .text.USBH_LL_Stop
                0x000000000800b752       0x36 USB_HOST/Target/usbh_conf.o
                0x000000000800b752                USBH_LL_Stop
 .text.USBH_LL_GetLastXferSize
                0x000000000800b788       0x26 USB_HOST/Target/usbh_conf.o
                0x000000000800b788                USBH_LL_GetLastXferSize
 .text.USBH_LL_OpenPipe
                0x000000000800b7ae       0x5e USB_HOST/Target/usbh_conf.o
                0x000000000800b7ae                USBH_LL_OpenPipe
 .text.USBH_LL_ClosePipe
                0x000000000800b80c       0x3e USB_HOST/Target/usbh_conf.o
                0x000000000800b80c                USBH_LL_ClosePipe
 .text.USBH_LL_SubmitURB
                0x000000000800b84a       0x62 USB_HOST/Target/usbh_conf.o
                0x000000000800b84a                USBH_LL_SubmitURB
 .text.USBH_LL_GetURBState
                0x000000000800b8ac       0x26 USB_HOST/Target/usbh_conf.o
                0x000000000800b8ac                USBH_LL_GetURBState
 .text.USBH_LL_DriverVBUS
                0x000000000800b8d2       0x2e USB_HOST/Target/usbh_conf.o
                0x000000000800b8d2                USBH_LL_DriverVBUS
 .text.USBH_LL_SetToggle
                0x000000000800b900       0x66 USB_HOST/Target/usbh_conf.o
                0x000000000800b900                USBH_LL_SetToggle
 *fill*         0x000000000800b966        0x2 
 .text.USBH_Get_USB_Status
                0x000000000800b968       0x58 USB_HOST/Target/usbh_conf.o
                0x000000000800b968                USBH_Get_USB_Status
 .text.MX_DriverVbusFS
                0x000000000800b9c0       0x38 USB_HOST/Target/usbh_platform.o
                0x000000000800b9c0                MX_DriverVbusFS
 .text.__errno  0x000000000800b9f8        0xc /opt/st/stm32cubeide_1.5.1/plugins/com.st.stm32cube.ide.mcu.externaltools.gnu-tools-for-stm32.7-2018-q2-update.linux64_1.5.0.202011040924/tools/bin/../lib/gcc/arm-none-eabi/7.3.1/../../../../arm-none-eabi/lib/thumb/v7e-m/fpv4-sp/hard/libc_nano.a(lib_a-errno.o)
                0x000000000800b9f8                __errno
 .text.__libc_init_array
                0x000000000800ba04       0x48 /opt/st/stm32cubeide_1.5.1/plugins/com.st.stm32cube.ide.mcu.externaltools.gnu-tools-for-stm32.7-2018-q2-update.linux64_1.5.0.202011040924/tools/bin/../lib/gcc/arm-none-eabi/7.3.1/../../../../arm-none-eabi/lib/thumb/v7e-m/fpv4-sp/hard/libc_nano.a(lib_a-init.o)
                0x000000000800ba04                __libc_init_array
 .text.malloc   0x000000000800ba4c       0x10 /opt/st/stm32cubeide_1.5.1/plugins/com.st.stm32cube.ide.mcu.externaltools.gnu-tools-for-stm32.7-2018-q2-update.linux64_1.5.0.202011040924/tools/bin/../lib/gcc/arm-none-eabi/7.3.1/../../../../arm-none-eabi/lib/thumb/v7e-m/fpv4-sp/hard/libc_nano.a(lib_a-malloc.o)
                0x000000000800ba4c                malloc
 .text.free     0x000000000800ba5c       0x10 /opt/st/stm32cubeide_1.5.1/plugins/com.st.stm32cube.ide.mcu.externaltools.gnu-tools-for-stm32.7-2018-q2-update.linux64_1.5.0.202011040924/tools/bin/../lib/gcc/arm-none-eabi/7.3.1/../../../../arm-none-eabi/lib/thumb/v7e-m/fpv4-sp/hard/libc_nano.a(lib_a-malloc.o)
                0x000000000800ba5c                free
 .text.memcmp   0x000000000800ba6c       0x1e /opt/st/stm32cubeide_1.5.1/plugins/com.st.stm32cube.ide.mcu.externaltools.gnu-tools-for-stm32.7-2018-q2-update.linux64_1.5.0.202011040924/tools/bin/../lib/gcc/arm-none-eabi/7.3.1/../../../../arm-none-eabi/lib/thumb/v7e-m/fpv4-sp/hard/libc_nano.a(lib_a-memcmp.o)
                0x000000000800ba6c                memcmp
 .text.memset   0x000000000800ba8a       0x10 /opt/st/stm32cubeide_1.5.1/plugins/com.st.stm32cube.ide.mcu.externaltools.gnu-tools-for-stm32.7-2018-q2-update.linux64_1.5.0.202011040924/tools/bin/../lib/gcc/arm-none-eabi/7.3.1/../../../../arm-none-eabi/lib/thumb/v7e-m/fpv4-sp/hard/libc_nano.a(lib_a-memset.o)
                0x000000000800ba8a                memset
 *fill*         0x000000000800ba9a        0x2 
 .text._free_r  0x000000000800ba9c       0x9c /opt/st/stm32cubeide_1.5.1/plugins/com.st.stm32cube.ide.mcu.externaltools.gnu-tools-for-stm32.7-2018-q2-update.linux64_1.5.0.202011040924/tools/bin/../lib/gcc/arm-none-eabi/7.3.1/../../../../arm-none-eabi/lib/thumb/v7e-m/fpv4-sp/hard/libc_nano.a(lib_a-nano-freer.o)
                0x000000000800ba9c                _free_r
 .text._malloc_r
                0x000000000800bb38       0xb4 /opt/st/stm32cubeide_1.5.1/plugins/com.st.stm32cube.ide.mcu.externaltools.gnu-tools-for-stm32.7-2018-q2-update.linux64_1.5.0.202011040924/tools/bin/../lib/gcc/arm-none-eabi/7.3.1/../../../../arm-none-eabi/lib/thumb/v7e-m/fpv4-sp/hard/libc_nano.a(lib_a-nano-mallocr.o)
                0x000000000800bb38                _malloc_r
 .text.printf   0x000000000800bbec       0x30 /opt/st/stm32cubeide_1.5.1/plugins/com.st.stm32cube.ide.mcu.externaltools.gnu-tools-for-stm32.7-2018-q2-update.linux64_1.5.0.202011040924/tools/bin/../lib/gcc/arm-none-eabi/7.3.1/../../../../arm-none-eabi/lib/thumb/v7e-m/fpv4-sp/hard/libc_nano.a(lib_a-printf.o)
                0x000000000800bbec                printf
                0x000000000800bbec                iprintf
 .text._sbrk_r  0x000000000800bc1c       0x20 /opt/st/stm32cubeide_1.5.1/plugins/com.st.stm32cube.ide.mcu.externaltools.gnu-tools-for-stm32.7-2018-q2-update.linux64_1.5.0.202011040924/tools/bin/../lib/gcc/arm-none-eabi/7.3.1/../../../../arm-none-eabi/lib/thumb/v7e-m/fpv4-sp/hard/libc_nano.a(lib_a-sbrkr.o)
                0x000000000800bc1c                _sbrk_r
 .text.std      0x000000000800bc3c       0x48 /opt/st/stm32cubeide_1.5.1/plugins/com.st.stm32cube.ide.mcu.externaltools.gnu-tools-for-stm32.7-2018-q2-update.linux64_1.5.0.202011040924/tools/bin/../lib/gcc/arm-none-eabi/7.3.1/../../../../arm-none-eabi/lib/thumb/v7e-m/fpv4-sp/hard/libc_nano.a(lib_a-findfp.o)
 .text._cleanup_r
                0x000000000800bc84        0xc /opt/st/stm32cubeide_1.5.1/plugins/com.st.stm32cube.ide.mcu.externaltools.gnu-tools-for-stm32.7-2018-q2-update.linux64_1.5.0.202011040924/tools/bin/../lib/gcc/arm-none-eabi/7.3.1/../../../../arm-none-eabi/lib/thumb/v7e-m/fpv4-sp/hard/libc_nano.a(lib_a-findfp.o)
                0x000000000800bc84                _cleanup_r
 .text.__sfmoreglue
                0x000000000800bc90       0x2c /opt/st/stm32cubeide_1.5.1/plugins/com.st.stm32cube.ide.mcu.externaltools.gnu-tools-for-stm32.7-2018-q2-update.linux64_1.5.0.202011040924/tools/bin/../lib/gcc/arm-none-eabi/7.3.1/../../../../arm-none-eabi/lib/thumb/v7e-m/fpv4-sp/hard/libc_nano.a(lib_a-findfp.o)
                0x000000000800bc90                __sfmoreglue
 .text.__sinit  0x000000000800bcbc       0x60 /opt/st/stm32cubeide_1.5.1/plugins/com.st.stm32cube.ide.mcu.externaltools.gnu-tools-for-stm32.7-2018-q2-update.linux64_1.5.0.202011040924/tools/bin/../lib/gcc/arm-none-eabi/7.3.1/../../../../arm-none-eabi/lib/thumb/v7e-m/fpv4-sp/hard/libc_nano.a(lib_a-findfp.o)
                0x000000000800bcbc                __sinit
 .text.__sfp    0x000000000800bd1c       0x78 /opt/st/stm32cubeide_1.5.1/plugins/com.st.stm32cube.ide.mcu.externaltools.gnu-tools-for-stm32.7-2018-q2-update.linux64_1.5.0.202011040924/tools/bin/../lib/gcc/arm-none-eabi/7.3.1/../../../../arm-none-eabi/lib/thumb/v7e-m/fpv4-sp/hard/libc_nano.a(lib_a-findfp.o)
                0x000000000800bd1c                __sfp
 .text._fwalk_reent
                0x000000000800bd94       0x3c /opt/st/stm32cubeide_1.5.1/plugins/com.st.stm32cube.ide.mcu.externaltools.gnu-tools-for-stm32.7-2018-q2-update.linux64_1.5.0.202011040924/tools/bin/../lib/gcc/arm-none-eabi/7.3.1/../../../../arm-none-eabi/lib/thumb/v7e-m/fpv4-sp/hard/libc_nano.a(lib_a-fwalk.o)
                0x000000000800bd94                _fwalk_reent
 .text.__malloc_lock
                0x000000000800bdd0        0x2 /opt/st/stm32cubeide_1.5.1/plugins/com.st.stm32cube.ide.mcu.externaltools.gnu-tools-for-stm32.7-2018-q2-update.linux64_1.5.0.202011040924/tools/bin/../lib/gcc/arm-none-eabi/7.3.1/../../../../arm-none-eabi/lib/thumb/v7e-m/fpv4-sp/hard/libc_nano.a(lib_a-mlock.o)
                0x000000000800bdd0                __malloc_lock
 .text.__malloc_unlock
                0x000000000800bdd2        0x2 /opt/st/stm32cubeide_1.5.1/plugins/com.st.stm32cube.ide.mcu.externaltools.gnu-tools-for-stm32.7-2018-q2-update.linux64_1.5.0.202011040924/tools/bin/../lib/gcc/arm-none-eabi/7.3.1/../../../../arm-none-eabi/lib/thumb/v7e-m/fpv4-sp/hard/libc_nano.a(lib_a-mlock.o)
                0x000000000800bdd2                __malloc_unlock
 .text.__sfputc_r
                0x000000000800bdd4       0x2e /opt/st/stm32cubeide_1.5.1/plugins/com.st.stm32cube.ide.mcu.externaltools.gnu-tools-for-stm32.7-2018-q2-update.linux64_1.5.0.202011040924/tools/bin/../lib/gcc/arm-none-eabi/7.3.1/../../../../arm-none-eabi/lib/thumb/v7e-m/fpv4-sp/hard/libc_nano.a(lib_a-nano-vfprintf.o)
 .text.__sfputs_r
                0x000000000800be02       0x24 /opt/st/stm32cubeide_1.5.1/plugins/com.st.stm32cube.ide.mcu.externaltools.gnu-tools-for-stm32.7-2018-q2-update.linux64_1.5.0.202011040924/tools/bin/../lib/gcc/arm-none-eabi/7.3.1/../../../../arm-none-eabi/lib/thumb/v7e-m/fpv4-sp/hard/libc_nano.a(lib_a-nano-vfprintf.o)
                0x000000000800be02                __sfputs_r
 *fill*         0x000000000800be26        0x2 
 .text._vfprintf_r
                0x000000000800be28      0x22c /opt/st/stm32cubeide_1.5.1/plugins/com.st.stm32cube.ide.mcu.externaltools.gnu-tools-for-stm32.7-2018-q2-update.linux64_1.5.0.202011040924/tools/bin/../lib/gcc/arm-none-eabi/7.3.1/../../../../arm-none-eabi/lib/thumb/v7e-m/fpv4-sp/hard/libc_nano.a(lib_a-nano-vfprintf.o)
                0x000000000800be28                _vfiprintf_r
                0x000000000800be28                _vfprintf_r
 .text._printf_common
                0x000000000800c054       0xea /opt/st/stm32cubeide_1.5.1/plugins/com.st.stm32cube.ide.mcu.externaltools.gnu-tools-for-stm32.7-2018-q2-update.linux64_1.5.0.202011040924/tools/bin/../lib/gcc/arm-none-eabi/7.3.1/../../../../arm-none-eabi/lib/thumb/v7e-m/fpv4-sp/hard/libc_nano.a(lib_a-nano-vfprintf_i.o)
                0x000000000800c054                _printf_common
 *fill*         0x000000000800c13e        0x2 
 .text._printf_i
                0x000000000800c140      0x224 /opt/st/stm32cubeide_1.5.1/plugins/com.st.stm32cube.ide.mcu.externaltools.gnu-tools-for-stm32.7-2018-q2-update.linux64_1.5.0.202011040924/tools/bin/../lib/gcc/arm-none-eabi/7.3.1/../../../../arm-none-eabi/lib/thumb/v7e-m/fpv4-sp/hard/libc_nano.a(lib_a-nano-vfprintf_i.o)
                0x000000000800c140                _printf_i
 .text.__sread  0x000000000800c364       0x22 /opt/st/stm32cubeide_1.5.1/plugins/com.st.stm32cube.ide.mcu.externaltools.gnu-tools-for-stm32.7-2018-q2-update.linux64_1.5.0.202011040924/tools/bin/../lib/gcc/arm-none-eabi/7.3.1/../../../../arm-none-eabi/lib/thumb/v7e-m/fpv4-sp/hard/libc_nano.a(lib_a-stdio.o)
                0x000000000800c364                __sread
 .text.__swrite
                0x000000000800c386       0x38 /opt/st/stm32cubeide_1.5.1/plugins/com.st.stm32cube.ide.mcu.externaltools.gnu-tools-for-stm32.7-2018-q2-update.linux64_1.5.0.202011040924/tools/bin/../lib/gcc/arm-none-eabi/7.3.1/../../../../arm-none-eabi/lib/thumb/v7e-m/fpv4-sp/hard/libc_nano.a(lib_a-stdio.o)
                0x000000000800c386                __swrite
 .text.__sseek  0x000000000800c3be       0x24 /opt/st/stm32cubeide_1.5.1/plugins/com.st.stm32cube.ide.mcu.externaltools.gnu-tools-for-stm32.7-2018-q2-update.linux64_1.5.0.202011040924/tools/bin/../lib/gcc/arm-none-eabi/7.3.1/../../../../arm-none-eabi/lib/thumb/v7e-m/fpv4-sp/hard/libc_nano.a(lib_a-stdio.o)
                0x000000000800c3be                __sseek
 .text.__sclose
                0x000000000800c3e2        0x8 /opt/st/stm32cubeide_1.5.1/plugins/com.st.stm32cube.ide.mcu.externaltools.gnu-tools-for-stm32.7-2018-q2-update.linux64_1.5.0.202011040924/tools/bin/../lib/gcc/arm-none-eabi/7.3.1/../../../../arm-none-eabi/lib/thumb/v7e-m/fpv4-sp/hard/libc_nano.a(lib_a-stdio.o)
                0x000000000800c3e2                __sclose
 *fill*         0x000000000800c3ea        0x2 
 .text.__swbuf_r
                0x000000000800c3ec       0xa4 /opt/st/stm32cubeide_1.5.1/plugins/com.st.stm32cube.ide.mcu.externaltools.gnu-tools-for-stm32.7-2018-q2-update.linux64_1.5.0.202011040924/tools/bin/../lib/gcc/arm-none-eabi/7.3.1/../../../../arm-none-eabi/lib/thumb/v7e-m/fpv4-sp/hard/libc_nano.a(lib_a-wbuf.o)
                0x000000000800c3ec                __swbuf_r
 .text._write_r
                0x000000000800c490       0x24 /opt/st/stm32cubeide_1.5.1/plugins/com.st.stm32cube.ide.mcu.externaltools.gnu-tools-for-stm32.7-2018-q2-update.linux64_1.5.0.202011040924/tools/bin/../lib/gcc/arm-none-eabi/7.3.1/../../../../arm-none-eabi/lib/thumb/v7e-m/fpv4-sp/hard/libc_nano.a(lib_a-writer.o)
                0x000000000800c490                _write_r
 .text.__swsetup_r
                0x000000000800c4b4       0xdc /opt/st/stm32cubeide_1.5.1/plugins/com.st.stm32cube.ide.mcu.externaltools.gnu-tools-for-stm32.7-2018-q2-update.linux64_1.5.0.202011040924/tools/bin/../lib/gcc/arm-none-eabi/7.3.1/../../../../arm-none-eabi/lib/thumb/v7e-m/fpv4-sp/hard/libc_nano.a(lib_a-wsetup.o)
                0x000000000800c4b4                __swsetup_r
 .text._close_r
                0x000000000800c590       0x20 /opt/st/stm32cubeide_1.5.1/plugins/com.st.stm32cube.ide.mcu.externaltools.gnu-tools-for-stm32.7-2018-q2-update.linux64_1.5.0.202011040924/tools/bin/../lib/gcc/arm-none-eabi/7.3.1/../../../../arm-none-eabi/lib/thumb/v7e-m/fpv4-sp/hard/libc_nano.a(lib_a-closer.o)
                0x000000000800c590                _close_r
 .text.__sflush_r
                0x000000000800c5b0      0x10c /opt/st/stm32cubeide_1.5.1/plugins/com.st.stm32cube.ide.mcu.externaltools.gnu-tools-for-stm32.7-2018-q2-update.linux64_1.5.0.202011040924/tools/bin/../lib/gcc/arm-none-eabi/7.3.1/../../../../arm-none-eabi/lib/thumb/v7e-m/fpv4-sp/hard/libc_nano.a(lib_a-fflush.o)
                0x000000000800c5b0                __sflush_r
 .text._fflush_r
                0x000000000800c6bc       0x54 /opt/st/stm32cubeide_1.5.1/plugins/com.st.stm32cube.ide.mcu.externaltools.gnu-tools-for-stm32.7-2018-q2-update.linux64_1.5.0.202011040924/tools/bin/../lib/gcc/arm-none-eabi/7.3.1/../../../../arm-none-eabi/lib/thumb/v7e-m/fpv4-sp/hard/libc_nano.a(lib_a-fflush.o)
                0x000000000800c6bc                _fflush_r
 .text._lseek_r
                0x000000000800c710       0x24 /opt/st/stm32cubeide_1.5.1/plugins/com.st.stm32cube.ide.mcu.externaltools.gnu-tools-for-stm32.7-2018-q2-update.linux64_1.5.0.202011040924/tools/bin/../lib/gcc/arm-none-eabi/7.3.1/../../../../arm-none-eabi/lib/thumb/v7e-m/fpv4-sp/hard/libc_nano.a(lib_a-lseekr.o)
                0x000000000800c710                _lseek_r
 .text.__swhatbuf_r
                0x000000000800c734       0x48 /opt/st/stm32cubeide_1.5.1/plugins/com.st.stm32cube.ide.mcu.externaltools.gnu-tools-for-stm32.7-2018-q2-update.linux64_1.5.0.202011040924/tools/bin/../lib/gcc/arm-none-eabi/7.3.1/../../../../arm-none-eabi/lib/thumb/v7e-m/fpv4-sp/hard/libc_nano.a(lib_a-makebuf.o)
                0x000000000800c734                __swhatbuf_r
 .text.__smakebuf_r
                0x000000000800c77c       0x80 /opt/st/stm32cubeide_1.5.1/plugins/com.st.stm32cube.ide.mcu.externaltools.gnu-tools-for-stm32.7-2018-q2-update.linux64_1.5.0.202011040924/tools/bin/../lib/gcc/arm-none-eabi/7.3.1/../../../../arm-none-eabi/lib/thumb/v7e-m/fpv4-sp/hard/libc_nano.a(lib_a-makebuf.o)
                0x000000000800c77c                __smakebuf_r
 .text._read_r  0x000000000800c7fc       0x24 /opt/st/stm32cubeide_1.5.1/plugins/com.st.stm32cube.ide.mcu.externaltools.gnu-tools-for-stm32.7-2018-q2-update.linux64_1.5.0.202011040924/tools/bin/../lib/gcc/arm-none-eabi/7.3.1/../../../../arm-none-eabi/lib/thumb/v7e-m/fpv4-sp/hard/libc_nano.a(lib_a-readr.o)
                0x000000000800c7fc                _read_r
 .text._fstat_r
                0x000000000800c820       0x24 /opt/st/stm32cubeide_1.5.1/plugins/com.st.stm32cube.ide.mcu.externaltools.gnu-tools-for-stm32.7-2018-q2-update.linux64_1.5.0.202011040924/tools/bin/../lib/gcc/arm-none-eabi/7.3.1/../../../../arm-none-eabi/lib/thumb/v7e-m/fpv4-sp/hard/libc_nano.a(lib_a-fstatr.o)
                0x000000000800c820                _fstat_r
 .text._isatty_r
                0x000000000800c844       0x20 /opt/st/stm32cubeide_1.5.1/plugins/com.st.stm32cube.ide.mcu.externaltools.gnu-tools-for-stm32.7-2018-q2-update.linux64_1.5.0.202011040924/tools/bin/../lib/gcc/arm-none-eabi/7.3.1/../../../../arm-none-eabi/lib/thumb/v7e-m/fpv4-sp/hard/libc_nano.a(lib_a-isattyr.o)
                0x000000000800c844                _isatty_r
 *(.glue_7)
 .glue_7        0x000000000800c864        0x0 linker stubs
 *(.glue_7t)
 .glue_7t       0x000000000800c864        0x0 linker stubs
 *(.eh_frame)
 .eh_frame      0x000000000800c864        0x0 /opt/st/stm32cubeide_1.5.1/plugins/com.st.stm32cube.ide.mcu.externaltools.gnu-tools-for-stm32.7-2018-q2-update.linux64_1.5.0.202011040924/tools/bin/../lib/gcc/arm-none-eabi/7.3.1/thumb/v7e-m/fpv4-sp/hard/crtbegin.o
 *(.init)
 .init          0x000000000800c864        0x4 /opt/st/stm32cubeide_1.5.1/plugins/com.st.stm32cube.ide.mcu.externaltools.gnu-tools-for-stm32.7-2018-q2-update.linux64_1.5.0.202011040924/tools/bin/../lib/gcc/arm-none-eabi/7.3.1/thumb/v7e-m/fpv4-sp/hard/crti.o
                0x000000000800c864                _init
 .init          0x000000000800c868        0x8 /opt/st/stm32cubeide_1.5.1/plugins/com.st.stm32cube.ide.mcu.externaltools.gnu-tools-for-stm32.7-2018-q2-update.linux64_1.5.0.202011040924/tools/bin/../lib/gcc/arm-none-eabi/7.3.1/thumb/v7e-m/fpv4-sp/hard/crtn.o
 *(.fini)
 .fini          0x000000000800c870        0x4 /opt/st/stm32cubeide_1.5.1/plugins/com.st.stm32cube.ide.mcu.externaltools.gnu-tools-for-stm32.7-2018-q2-update.linux64_1.5.0.202011040924/tools/bin/../lib/gcc/arm-none-eabi/7.3.1/thumb/v7e-m/fpv4-sp/hard/crti.o
                0x000000000800c870                _fini
 .fini          0x000000000800c874        0x8 /opt/st/stm32cubeide_1.5.1/plugins/com.st.stm32cube.ide.mcu.externaltools.gnu-tools-for-stm32.7-2018-q2-update.linux64_1.5.0.202011040924/tools/bin/../lib/gcc/arm-none-eabi/7.3.1/thumb/v7e-m/fpv4-sp/hard/crtn.o
                0x000000000800c87c                . = ALIGN (0x4)
                0x000000000800c87c                _etext = .

.vfp11_veneer   0x000000000800c87c        0x0
 .vfp11_veneer  0x000000000800c87c        0x0 linker stubs

.v4_bx          0x000000000800c87c        0x0
 .v4_bx         0x000000000800c87c        0x0 linker stubs

.iplt           0x000000000800c87c        0x0
 .iplt          0x000000000800c87c        0x0 /opt/st/stm32cubeide_1.5.1/plugins/com.st.stm32cube.ide.mcu.externaltools.gnu-tools-for-stm32.7-2018-q2-update.linux64_1.5.0.202011040924/tools/bin/../lib/gcc/arm-none-eabi/7.3.1/thumb/v7e-m/fpv4-sp/hard/crtbegin.o

.rodata         0x000000000800c87c      0x2f4
                0x000000000800c87c                . = ALIGN (0x4)
 *(.rodata)
 .rodata        0x000000000800c87c       0x2b Core/Src/fatfs.o
 *fill*         0x000000000800c8a7        0x1 
 .rodata        0x000000000800c8a8       0x44 Core/Src/ff.o
 .rodata        0x000000000800c8ec      0x117 Core/Src/fops.o
 *fill*         0x000000000800ca03        0x1 
 .rodata        0x000000000800ca04        0x7 Core/Src/main.o
 *fill*         0x000000000800ca0b        0x1 
 .rodata        0x000000000800ca0c       0x2e Core/Src/user_diskio.o
 *fill*         0x000000000800ca3a        0x2 
 .rodata        0x000000000800ca3c        0x4 Middlewares/ST/STM32_USB_Host_Library/Class/CDC/Src/usbh_cdc.o
 *(.rodata*)
 .rodata.ExCvt  0x000000000800ca40       0x80 Core/Src/ff.o
 .rodata.AHBPrescTable
                0x000000000800cac0       0x10 Core/Src/system_stm32f4xx.o
                0x000000000800cac0                AHBPrescTable
 .rodata.APBPrescTable
                0x000000000800cad0        0x8 Core/Src/system_stm32f4xx.o
                0x000000000800cad0                APBPrescTable
 .rodata._global_impure_ptr
                0x000000000800cad8        0x4 /opt/st/stm32cubeide_1.5.1/plugins/com.st.stm32cube.ide.mcu.externaltools.gnu-tools-for-stm32.7-2018-q2-update.linux64_1.5.0.202011040924/tools/bin/../lib/gcc/arm-none-eabi/7.3.1/../../../../arm-none-eabi/lib/thumb/v7e-m/fpv4-sp/hard/libc_nano.a(lib_a-impure.o)
                0x000000000800cad8                _global_impure_ptr
 .rodata.__sf_fake_stderr
                0x000000000800cadc       0x20 /opt/st/stm32cubeide_1.5.1/plugins/com.st.stm32cube.ide.mcu.externaltools.gnu-tools-for-stm32.7-2018-q2-update.linux64_1.5.0.202011040924/tools/bin/../lib/gcc/arm-none-eabi/7.3.1/../../../../arm-none-eabi/lib/thumb/v7e-m/fpv4-sp/hard/libc_nano.a(lib_a-findfp.o)
                0x000000000800cadc                __sf_fake_stderr
 .rodata.__sf_fake_stdin
                0x000000000800cafc       0x20 /opt/st/stm32cubeide_1.5.1/plugins/com.st.stm32cube.ide.mcu.externaltools.gnu-tools-for-stm32.7-2018-q2-update.linux64_1.5.0.202011040924/tools/bin/../lib/gcc/arm-none-eabi/7.3.1/../../../../arm-none-eabi/lib/thumb/v7e-m/fpv4-sp/hard/libc_nano.a(lib_a-findfp.o)
                0x000000000800cafc                __sf_fake_stdin
 .rodata.__sf_fake_stdout
                0x000000000800cb1c       0x20 /opt/st/stm32cubeide_1.5.1/plugins/com.st.stm32cube.ide.mcu.externaltools.gnu-tools-for-stm32.7-2018-q2-update.linux64_1.5.0.202011040924/tools/bin/../lib/gcc/arm-none-eabi/7.3.1/../../../../arm-none-eabi/lib/thumb/v7e-m/fpv4-sp/hard/libc_nano.a(lib_a-findfp.o)
                0x000000000800cb1c                __sf_fake_stdout
 .rodata._vfprintf_r.str1.1
                0x000000000800cb3c       0x11 /opt/st/stm32cubeide_1.5.1/plugins/com.st.stm32cube.ide.mcu.externaltools.gnu-tools-for-stm32.7-2018-q2-update.linux64_1.5.0.202011040924/tools/bin/../lib/gcc/arm-none-eabi/7.3.1/../../../../arm-none-eabi/lib/thumb/v7e-m/fpv4-sp/hard/libc_nano.a(lib_a-nano-vfprintf.o)
 .rodata._printf_i.str1.1
                0x000000000800cb4d       0x22 /opt/st/stm32cubeide_1.5.1/plugins/com.st.stm32cube.ide.mcu.externaltools.gnu-tools-for-stm32.7-2018-q2-update.linux64_1.5.0.202011040924/tools/bin/../lib/gcc/arm-none-eabi/7.3.1/../../../../arm-none-eabi/lib/thumb/v7e-m/fpv4-sp/hard/libc_nano.a(lib_a-nano-vfprintf_i.o)
                0x000000000800cb70                . = ALIGN (0x4)
 *fill*         0x000000000800cb6f        0x1 

.ARM.extab      0x000000000800cb70        0x0
                0x000000000800cb70                . = ALIGN (0x4)
 *(.ARM.extab* .gnu.linkonce.armextab.*)
                0x000000000800cb70                . = ALIGN (0x4)

.ARM            0x000000000800cb70        0x8
                0x000000000800cb70                . = ALIGN (0x4)
                0x000000000800cb70                __exidx_start = .
 *(.ARM.exidx*)
 .ARM.exidx     0x000000000800cb70        0x8 /opt/st/stm32cubeide_1.5.1/plugins/com.st.stm32cube.ide.mcu.externaltools.gnu-tools-for-stm32.7-2018-q2-update.linux64_1.5.0.202011040924/tools/bin/../lib/gcc/arm-none-eabi/7.3.1/thumb/v7e-m/fpv4-sp/hard/libgcc.a(_udivmoddi4.o)
                0x000000000800cb78                __exidx_end = .
                0x000000000800cb78                . = ALIGN (0x4)

.rel.dyn        0x000000000800cb78        0x0
 .rel.iplt      0x000000000800cb78        0x0 /opt/st/stm32cubeide_1.5.1/plugins/com.st.stm32cube.ide.mcu.externaltools.gnu-tools-for-stm32.7-2018-q2-update.linux64_1.5.0.202011040924/tools/bin/../lib/gcc/arm-none-eabi/7.3.1/thumb/v7e-m/fpv4-sp/hard/crtbegin.o

.preinit_array  0x000000000800cb78        0x0
                0x000000000800cb78                . = ALIGN (0x4)
                0x000000000800cb78                PROVIDE (__preinit_array_start = .)
 *(.preinit_array*)
                0x000000000800cb78                PROVIDE (__preinit_array_end = .)
                0x000000000800cb78                . = ALIGN (0x4)

.init_array     0x000000000800cb78        0x4
                0x000000000800cb78                . = ALIGN (0x4)
                0x000000000800cb78                PROVIDE (__init_array_start = .)
 *(SORT_BY_NAME(.init_array.*))
 *(.init_array*)
 .init_array    0x000000000800cb78        0x4 /opt/st/stm32cubeide_1.5.1/plugins/com.st.stm32cube.ide.mcu.externaltools.gnu-tools-for-stm32.7-2018-q2-update.linux64_1.5.0.202011040924/tools/bin/../lib/gcc/arm-none-eabi/7.3.1/thumb/v7e-m/fpv4-sp/hard/crtbegin.o
                0x000000000800cb7c                PROVIDE (__init_array_end = .)
                0x000000000800cb7c                . = ALIGN (0x4)

.fini_array     0x000000000800cb7c        0x4
                0x000000000800cb7c                . = ALIGN (0x4)
                [!provide]                        PROVIDE (__fini_array_start = .)
 *(SORT_BY_NAME(.fini_array.*))
 *(.fini_array*)
 .fini_array    0x000000000800cb7c        0x4 /opt/st/stm32cubeide_1.5.1/plugins/com.st.stm32cube.ide.mcu.externaltools.gnu-tools-for-stm32.7-2018-q2-update.linux64_1.5.0.202011040924/tools/bin/../lib/gcc/arm-none-eabi/7.3.1/thumb/v7e-m/fpv4-sp/hard/crtbegin.o
                [!provide]                        PROVIDE (__fini_array_end = .)
                0x000000000800cb80                . = ALIGN (0x4)
                0x000000000800cb80                _sidata = LOADADDR (.data)

.data           0x0000000020000000       0xa8 load address 0x000000000800cb80
                0x0000000020000000                . = ALIGN (0x4)
                0x0000000020000000                _sdata = .
 *(.data)
 *(.data*)
 .data.SystemCoreClock
                0x0000000020000000        0x4 Core/Src/system_stm32f4xx.o
                0x0000000020000000                SystemCoreClock
 .data.Stat     0x0000000020000004        0x1 Core/Src/user_diskio.o
 *fill*         0x0000000020000005        0x3 
 .data.USER_Driver
                0x0000000020000008       0x14 Core/Src/user_diskio.o
                0x0000000020000008                USER_Driver
 .data.uwTickPrio
                0x000000002000001c        0x4 Drivers/STM32F4xx_HAL_Driver/Src/stm32f4xx_hal.o
                0x000000002000001c                uwTickPrio
 .data.uwTickFreq
                0x0000000020000020        0x1 Drivers/STM32F4xx_HAL_Driver/Src/stm32f4xx_hal.o
                0x0000000020000020                uwTickFreq
 *fill*         0x0000000020000021        0x3 
 .data.CDC_Class
                0x0000000020000024       0x20 Middlewares/ST/STM32_USB_Host_Library/Class/CDC/Src/usbh_cdc.o
                0x0000000020000024                CDC_Class
 .data._impure_ptr
                0x0000000020000044        0x4 /opt/st/stm32cubeide_1.5.1/plugins/com.st.stm32cube.ide.mcu.externaltools.gnu-tools-for-stm32.7-2018-q2-update.linux64_1.5.0.202011040924/tools/bin/../lib/gcc/arm-none-eabi/7.3.1/../../../../arm-none-eabi/lib/thumb/v7e-m/fpv4-sp/hard/libc_nano.a(lib_a-impure.o)
                0x0000000020000044                _impure_ptr
 .data.impure_data
                0x0000000020000048       0x60 /opt/st/stm32cubeide_1.5.1/plugins/com.st.stm32cube.ide.mcu.externaltools.gnu-tools-for-stm32.7-2018-q2-update.linux64_1.5.0.202011040924/tools/bin/../lib/gcc/arm-none-eabi/7.3.1/../../../../arm-none-eabi/lib/thumb/v7e-m/fpv4-sp/hard/libc_nano.a(lib_a-impure.o)
 *(.RamFunc)
 *(.RamFunc*)
                0x00000000200000a8                . = ALIGN (0x4)
                0x00000000200000a8                _edata = .

.igot.plt       0x00000000200000a8        0x0 load address 0x000000000800cc28
 .igot.plt      0x00000000200000a8        0x0 /opt/st/stm32cubeide_1.5.1/plugins/com.st.stm32cube.ide.mcu.externaltools.gnu-tools-for-stm32.7-2018-q2-update.linux64_1.5.0.202011040924/tools/bin/../lib/gcc/arm-none-eabi/7.3.1/thumb/v7e-m/fpv4-sp/hard/crtbegin.o
                0x00000000200000a8                . = ALIGN (0x4)

.bss            0x00000000200000a8      0xc90 load address 0x000000000800cc28
                0x00000000200000a8                _sbss = .
                0x00000000200000a8                __bss_start__ = _sbss
 *(.bss)
 .bss           0x00000000200000a8       0x1c /opt/st/stm32cubeide_1.5.1/plugins/com.st.stm32cube.ide.mcu.externaltools.gnu-tools-for-stm32.7-2018-q2-update.linux64_1.5.0.202011040924/tools/bin/../lib/gcc/arm-none-eabi/7.3.1/thumb/v7e-m/fpv4-sp/hard/crtbegin.o
 *(.bss*)
 .bss.FatFs     0x00000000200000c4        0x4 Core/Src/ff.o
 .bss.Fsid      0x00000000200000c8        0x2 Core/Src/ff.o
 *fill*         0x00000000200000ca        0x2 
 .bss.Files     0x00000000200000cc        0xc Core/Src/ff.o
 .bss.disk      0x00000000200000d8        0xc Core/Src/ff_gen_drv.o
                0x00000000200000d8                disk
 .bss.SD_Type   0x00000000200000e4        0x1 Core/Src/mmc_sd.o
                0x00000000200000e4                SD_Type
 *fill*         0x00000000200000e5        0x3 
 .bss.__sbrk_heap_end
                0x00000000200000e8        0x4 Core/Src/sysmem.o
 .bss.tmpreg.8565
                0x00000000200000ec        0x4 Drivers/STM32F4xx_HAL_Driver/Src/stm32f4xx_ll_usb.o
 .bss.Appli_state
                0x00000000200000f0        0x1 USB_HOST/App/usb_host.o
                0x00000000200000f0                Appli_state
 *fill*         0x00000000200000f1        0x3 
 .bss.__malloc_free_list
                0x00000000200000f4        0x4 /opt/st/stm32cubeide_1.5.1/plugins/com.st.stm32cube.ide.mcu.externaltools.gnu-tools-for-stm32.7-2018-q2-update.linux64_1.5.0.202011040924/tools/bin/../lib/gcc/arm-none-eabi/7.3.1/../../../../arm-none-eabi/lib/thumb/v7e-m/fpv4-sp/hard/libc_nano.a(lib_a-nano-mallocr.o)
                0x00000000200000f4                __malloc_free_list
 .bss.__malloc_sbrk_start
                0x00000000200000f8        0x4 /opt/st/stm32cubeide_1.5.1/plugins/com.st.stm32cube.ide.mcu.externaltools.gnu-tools-for-stm32.7-2018-q2-update.linux64_1.5.0.202011040924/tools/bin/../lib/gcc/arm-none-eabi/7.3.1/../../../../arm-none-eabi/lib/thumb/v7e-m/fpv4-sp/hard/libc_nano.a(lib_a-nano-mallocr.o)
                0x00000000200000f8                __malloc_sbrk_start
 *(COMMON)
 COMMON         0x00000000200000fc      0x464 Core/Src/fatfs.o
                0x00000000200000fc                USERPath
                0x0000000020000100                retUSER
                0x0000000020000104                USERFile
                0x0000000020000330                USERFatFS
 COMMON         0x0000000020000560      0x134 Core/Src/main.o
                0x0000000020000560                hi2c1
                0x00000000200005b4                hspi1
                0x000000002000060c                huart2
                0x000000002000064c                hi2s3
 COMMON         0x0000000020000694        0x4 Drivers/STM32F4xx_HAL_Driver/Src/stm32f4xx_hal.o
                0x0000000020000694                uwTick
 COMMON         0x0000000020000698      0x3d8 USB_HOST/App/usb_host.o
                0x0000000020000698                hUsbHostFS
 COMMON         0x0000000020000a70      0x2c4 USB_HOST/Target/usbh_conf.o
                0x0000000020000a70                hhcd_USB_OTG_FS
 COMMON         0x0000000020000d34        0x4 /opt/st/stm32cubeide_1.5.1/plugins/com.st.stm32cube.ide.mcu.externaltools.gnu-tools-for-stm32.7-2018-q2-update.linux64_1.5.0.202011040924/tools/bin/../lib/gcc/arm-none-eabi/7.3.1/../../../../arm-none-eabi/lib/thumb/v7e-m/fpv4-sp/hard/libc_nano.a(lib_a-reent.o)
                0x0000000020000d34                errno
                0x0000000020000d38                . = ALIGN (0x4)
                0x0000000020000d38                _ebss = .
                0x0000000020000d38                __bss_end__ = _ebss

._user_heap_stack
                0x0000000020000d38      0x600 load address 0x000000000800cc28
                0x0000000020000d38                . = ALIGN (0x8)
                [!provide]                        PROVIDE (end = .)
                0x0000000020000d38                PROVIDE (_end = .)
                0x0000000020000f38                . = (. + _Min_Heap_Size)
 *fill*         0x0000000020000d38      0x200 
                0x0000000020001338                . = (. + _Min_Stack_Size)
 *fill*         0x0000000020000f38      0x400 
                0x0000000020001338                . = ALIGN (0x8)

/DISCARD/
 libc.a(*)
 libm.a(*)
 libgcc.a(*)

.ARM.attributes
                0x0000000000000000       0x30
 *(.ARM.attributes)
 .ARM.attributes
                0x0000000000000000       0x22 /opt/st/stm32cubeide_1.5.1/plugins/com.st.stm32cube.ide.mcu.externaltools.gnu-tools-for-stm32.7-2018-q2-update.linux64_1.5.0.202011040924/tools/bin/../lib/gcc/arm-none-eabi/7.3.1/thumb/v7e-m/fpv4-sp/hard/crti.o
 .ARM.attributes
                0x0000000000000022       0x34 /opt/st/stm32cubeide_1.5.1/plugins/com.st.stm32cube.ide.mcu.externaltools.gnu-tools-for-stm32.7-2018-q2-update.linux64_1.5.0.202011040924/tools/bin/../lib/gcc/arm-none-eabi/7.3.1/thumb/v7e-m/fpv4-sp/hard/crtbegin.o
 .ARM.attributes
                0x0000000000000056       0x39 Core/Src/diskio.o
 .ARM.attributes
                0x000000000000008f       0x39 Core/Src/fatfs.o
 .ARM.attributes
                0x00000000000000c8       0x39 Core/Src/ff.o
 .ARM.attributes
                0x0000000000000101       0x39 Core/Src/ff_gen_drv.o
 .ARM.attributes
                0x000000000000013a       0x39 Core/Src/fops.o
 .ARM.attributes
                0x0000000000000173       0x39 Core/Src/main.o
 .ARM.attributes
                0x00000000000001ac       0x39 Core/Src/mmc_sd.o
 .ARM.attributes
                0x00000000000001e5       0x39 Core/Src/spi.o
 .ARM.attributes
                0x000000000000021e       0x39 Core/Src/stm32f4xx_hal_msp.o
 .ARM.attributes
                0x0000000000000257       0x39 Core/Src/stm32f4xx_it.o
 .ARM.attributes
                0x0000000000000290       0x39 Core/Src/syscalls.o
 .ARM.attributes
                0x00000000000002c9       0x39 Core/Src/sysmem.o
 .ARM.attributes
                0x0000000000000302       0x39 Core/Src/system_stm32f4xx.o
 .ARM.attributes
                0x000000000000033b       0x39 Core/Src/user_diskio.o
 .ARM.attributes
                0x0000000000000374       0x21 Core/Startup/startup_stm32f407vgtx.o
 .ARM.attributes
                0x0000000000000395       0x39 Drivers/STM32F4xx_HAL_Driver/Src/stm32f4xx_hal.o
 .ARM.attributes
                0x00000000000003ce       0x39 Drivers/STM32F4xx_HAL_Driver/Src/stm32f4xx_hal_cortex.o
 .ARM.attributes
                0x0000000000000407       0x39 Drivers/STM32F4xx_HAL_Driver/Src/stm32f4xx_hal_gpio.o
 .ARM.attributes
                0x0000000000000440       0x39 Drivers/STM32F4xx_HAL_Driver/Src/stm32f4xx_hal_hcd.o
 .ARM.attributes
                0x0000000000000479       0x39 Drivers/STM32F4xx_HAL_Driver/Src/stm32f4xx_hal_i2c.o
 .ARM.attributes
                0x00000000000004b2       0x39 Drivers/STM32F4xx_HAL_Driver/Src/stm32f4xx_hal_i2s.o
 .ARM.attributes
                0x00000000000004eb       0x39 Drivers/STM32F4xx_HAL_Driver/Src/stm32f4xx_hal_i2s_ex.o
 .ARM.attributes
                0x0000000000000524       0x39 Drivers/STM32F4xx_HAL_Driver/Src/stm32f4xx_hal_rcc.o
 .ARM.attributes
                0x000000000000055d       0x39 Drivers/STM32F4xx_HAL_Driver/Src/stm32f4xx_hal_rcc_ex.o
 .ARM.attributes
                0x0000000000000596       0x39 Drivers/STM32F4xx_HAL_Driver/Src/stm32f4xx_hal_spi.o
 .ARM.attributes
                0x00000000000005cf       0x39 Drivers/STM32F4xx_HAL_Driver/Src/stm32f4xx_hal_uart.o
 .ARM.attributes
                0x0000000000000608       0x39 Drivers/STM32F4xx_HAL_Driver/Src/stm32f4xx_ll_usb.o
 .ARM.attributes
                0x0000000000000641       0x39 Middlewares/ST/STM32_USB_Host_Library/Class/CDC/Src/usbh_cdc.o
 .ARM.attributes
                0x000000000000067a       0x39 Middlewares/ST/STM32_USB_Host_Library/Core/Src/usbh_core.o
 .ARM.attributes
                0x00000000000006b3       0x39 Middlewares/ST/STM32_USB_Host_Library/Core/Src/usbh_ctlreq.o
 .ARM.attributes
                0x00000000000006ec       0x39 Middlewares/ST/STM32_USB_Host_Library/Core/Src/usbh_ioreq.o
 .ARM.attributes
                0x0000000000000725       0x39 Middlewares/ST/STM32_USB_Host_Library/Core/Src/usbh_pipes.o
 .ARM.attributes
                0x000000000000075e       0x39 USB_HOST/App/usb_host.o
 .ARM.attributes
                0x0000000000000797       0x39 USB_HOST/Target/usbh_conf.o
 .ARM.attributes
                0x00000000000007d0       0x39 USB_HOST/Target/usbh_platform.o
 .ARM.attributes
                0x0000000000000809       0x34 /opt/st/stm32cubeide_1.5.1/plugins/com.st.stm32cube.ide.mcu.externaltools.gnu-tools-for-stm32.7-2018-q2-update.linux64_1.5.0.202011040924/tools/bin/../lib/gcc/arm-none-eabi/7.3.1/../../../../arm-none-eabi/lib/thumb/v7e-m/fpv4-sp/hard/libc_nano.a(lib_a-errno.o)
 .ARM.attributes
                0x000000000000083d       0x34 /opt/st/stm32cubeide_1.5.1/plugins/com.st.stm32cube.ide.mcu.externaltools.gnu-tools-for-stm32.7-2018-q2-update.linux64_1.5.0.202011040924/tools/bin/../lib/gcc/arm-none-eabi/7.3.1/../../../../arm-none-eabi/lib/thumb/v7e-m/fpv4-sp/hard/libc_nano.a(lib_a-impure.o)
 .ARM.attributes
                0x0000000000000871       0x34 /opt/st/stm32cubeide_1.5.1/plugins/com.st.stm32cube.ide.mcu.externaltools.gnu-tools-for-stm32.7-2018-q2-update.linux64_1.5.0.202011040924/tools/bin/../lib/gcc/arm-none-eabi/7.3.1/../../../../arm-none-eabi/lib/thumb/v7e-m/fpv4-sp/hard/libc_nano.a(lib_a-init.o)
 .ARM.attributes
                0x00000000000008a5       0x34 /opt/st/stm32cubeide_1.5.1/plugins/com.st.stm32cube.ide.mcu.externaltools.gnu-tools-for-stm32.7-2018-q2-update.linux64_1.5.0.202011040924/tools/bin/../lib/gcc/arm-none-eabi/7.3.1/../../../../arm-none-eabi/lib/thumb/v7e-m/fpv4-sp/hard/libc_nano.a(lib_a-malloc.o)
 .ARM.attributes
                0x00000000000008d9       0x34 /opt/st/stm32cubeide_1.5.1/plugins/com.st.stm32cube.ide.mcu.externaltools.gnu-tools-for-stm32.7-2018-q2-update.linux64_1.5.0.202011040924/tools/bin/../lib/gcc/arm-none-eabi/7.3.1/../../../../arm-none-eabi/lib/thumb/v7e-m/fpv4-sp/hard/libc_nano.a(lib_a-memcmp.o)
 .ARM.attributes
                0x000000000000090d       0x34 /opt/st/stm32cubeide_1.5.1/plugins/com.st.stm32cube.ide.mcu.externaltools.gnu-tools-for-stm32.7-2018-q2-update.linux64_1.5.0.202011040924/tools/bin/../lib/gcc/arm-none-eabi/7.3.1/../../../../arm-none-eabi/lib/thumb/v7e-m/fpv4-sp/hard/libc_nano.a(lib_a-memset.o)
 .ARM.attributes
                0x0000000000000941       0x34 /opt/st/stm32cubeide_1.5.1/plugins/com.st.stm32cube.ide.mcu.externaltools.gnu-tools-for-stm32.7-2018-q2-update.linux64_1.5.0.202011040924/tools/bin/../lib/gcc/arm-none-eabi/7.3.1/../../../../arm-none-eabi/lib/thumb/v7e-m/fpv4-sp/hard/libc_nano.a(lib_a-nano-freer.o)
 .ARM.attributes
                0x0000000000000975       0x34 /opt/st/stm32cubeide_1.5.1/plugins/com.st.stm32cube.ide.mcu.externaltools.gnu-tools-for-stm32.7-2018-q2-update.linux64_1.5.0.202011040924/tools/bin/../lib/gcc/arm-none-eabi/7.3.1/../../../../arm-none-eabi/lib/thumb/v7e-m/fpv4-sp/hard/libc_nano.a(lib_a-nano-mallocr.o)
 .ARM.attributes
                0x00000000000009a9       0x34 /opt/st/stm32cubeide_1.5.1/plugins/com.st.stm32cube.ide.mcu.externaltools.gnu-tools-for-stm32.7-2018-q2-update.linux64_1.5.0.202011040924/tools/bin/../lib/gcc/arm-none-eabi/7.3.1/../../../../arm-none-eabi/lib/thumb/v7e-m/fpv4-sp/hard/libc_nano.a(lib_a-printf.o)
 .ARM.attributes
                0x00000000000009dd       0x34 /opt/st/stm32cubeide_1.5.1/plugins/com.st.stm32cube.ide.mcu.externaltools.gnu-tools-for-stm32.7-2018-q2-update.linux64_1.5.0.202011040924/tools/bin/../lib/gcc/arm-none-eabi/7.3.1/../../../../arm-none-eabi/lib/thumb/v7e-m/fpv4-sp/hard/libc_nano.a(lib_a-sbrkr.o)
 .ARM.attributes
                0x0000000000000a11       0x34 /opt/st/stm32cubeide_1.5.1/plugins/com.st.stm32cube.ide.mcu.externaltools.gnu-tools-for-stm32.7-2018-q2-update.linux64_1.5.0.202011040924/tools/bin/../lib/gcc/arm-none-eabi/7.3.1/../../../../arm-none-eabi/lib/thumb/v7e-m/fpv4-sp/hard/libc_nano.a(lib_a-findfp.o)
 .ARM.attributes
                0x0000000000000a45       0x34 /opt/st/stm32cubeide_1.5.1/plugins/com.st.stm32cube.ide.mcu.externaltools.gnu-tools-for-stm32.7-2018-q2-update.linux64_1.5.0.202011040924/tools/bin/../lib/gcc/arm-none-eabi/7.3.1/../../../../arm-none-eabi/lib/thumb/v7e-m/fpv4-sp/hard/libc_nano.a(lib_a-fwalk.o)
 .ARM.attributes
                0x0000000000000a79       0x34 /opt/st/stm32cubeide_1.5.1/plugins/com.st.stm32cube.ide.mcu.externaltools.gnu-tools-for-stm32.7-2018-q2-update.linux64_1.5.0.202011040924/tools/bin/../lib/gcc/arm-none-eabi/7.3.1/../../../../arm-none-eabi/lib/thumb/v7e-m/fpv4-sp/hard/libc_nano.a(lib_a-mlock.o)
 .ARM.attributes
                0x0000000000000aad       0x34 /opt/st/stm32cubeide_1.5.1/plugins/com.st.stm32cube.ide.mcu.externaltools.gnu-tools-for-stm32.7-2018-q2-update.linux64_1.5.0.202011040924/tools/bin/../lib/gcc/arm-none-eabi/7.3.1/../../../../arm-none-eabi/lib/thumb/v7e-m/fpv4-sp/hard/libc_nano.a(lib_a-nano-vfprintf.o)
 .ARM.attributes
                0x0000000000000ae1       0x34 /opt/st/stm32cubeide_1.5.1/plugins/com.st.stm32cube.ide.mcu.externaltools.gnu-tools-for-stm32.7-2018-q2-update.linux64_1.5.0.202011040924/tools/bin/../lib/gcc/arm-none-eabi/7.3.1/../../../../arm-none-eabi/lib/thumb/v7e-m/fpv4-sp/hard/libc_nano.a(lib_a-nano-vfprintf_i.o)
 .ARM.attributes
                0x0000000000000b15       0x34 /opt/st/stm32cubeide_1.5.1/plugins/com.st.stm32cube.ide.mcu.externaltools.gnu-tools-for-stm32.7-2018-q2-update.linux64_1.5.0.202011040924/tools/bin/../lib/gcc/arm-none-eabi/7.3.1/../../../../arm-none-eabi/lib/thumb/v7e-m/fpv4-sp/hard/libc_nano.a(lib_a-reent.o)
 .ARM.attributes
                0x0000000000000b49       0x34 /opt/st/stm32cubeide_1.5.1/plugins/com.st.stm32cube.ide.mcu.externaltools.gnu-tools-for-stm32.7-2018-q2-update.linux64_1.5.0.202011040924/tools/bin/../lib/gcc/arm-none-eabi/7.3.1/../../../../arm-none-eabi/lib/thumb/v7e-m/fpv4-sp/hard/libc_nano.a(lib_a-stdio.o)
 .ARM.attributes
                0x0000000000000b7d       0x34 /opt/st/stm32cubeide_1.5.1/plugins/com.st.stm32cube.ide.mcu.externaltools.gnu-tools-for-stm32.7-2018-q2-update.linux64_1.5.0.202011040924/tools/bin/../lib/gcc/arm-none-eabi/7.3.1/../../../../arm-none-eabi/lib/thumb/v7e-m/fpv4-sp/hard/libc_nano.a(lib_a-wbuf.o)
 .ARM.attributes
                0x0000000000000bb1       0x34 /opt/st/stm32cubeide_1.5.1/plugins/com.st.stm32cube.ide.mcu.externaltools.gnu-tools-for-stm32.7-2018-q2-update.linux64_1.5.0.202011040924/tools/bin/../lib/gcc/arm-none-eabi/7.3.1/../../../../arm-none-eabi/lib/thumb/v7e-m/fpv4-sp/hard/libc_nano.a(lib_a-writer.o)
 .ARM.attributes